Archive member included because of file (symbol)

/usr/local/ps3dev/psl1ght/ppu/lib/libsimdmath.a(negatef4.o)
                              main.o (negatef4)
/usr/local/ps3dev/psl1ght/ppu/lib/libsimdmath.a(recipf4.o)
                              main.o (recipf4)
/usr/local/ps3dev/psl1ght/ppu/lib/libsimdmath.a(rsqrtf4.o)
                              geometry.o (rsqrtf4)
/usr/local/ps3dev/psl1ght/ppu/lib/libsimdmath.a(sincosf4.o)
                              main.o (sincosf4)
/usr/local/ps3dev/psl1ght/ppu/lib/librsx.a(init.o)
                              rsxutil.o (rsxInit)
/usr/local/ps3dev/psl1ght/ppu/lib/librsx.a(buffer.o)
                              rsxutil.o (rsxFlushBuffer)
/usr/local/ps3dev/psl1ght/ppu/lib/librsx.a(commands.o)
                              /usr/local/ps3dev/psl1ght/ppu/lib/librsx.a(buffer.o) (rsxSetJumpCommand)
/usr/local/ps3dev/psl1ght/ppu/lib/librsx.a(mm.o)
                              /usr/local/ps3dev/psl1ght/ppu/lib/librsx.a(init.o) (rsxHeapInit)
/usr/local/ps3dev/psl1ght/ppu/lib/librsx.a(vertex_program.o)
                              main.o (rsxVertexProgramGetUCode)
/usr/local/ps3dev/psl1ght/ppu/lib/librsx.a(fragment_program.o)
                              main.o (rsxFragmentProgramGetUCode)
/usr/local/ps3dev/psl1ght/ppu/lib/libgcm_sys.a(sprx.o)
                              rsxutil.o (gcmSetFlip)
/usr/local/ps3dev/psl1ght/ppu/lib/libio.a(sprx.o)
                              main.o (ioPadInit)
/usr/local/ps3dev/psl1ght/ppu/lib/libsysutil.a(sprx.o)
                              rsxutil.o (videoConfigure)
/usr/local/ps3dev/psl1ght/ppu/lib/libsysutil.a(sysutil_wrapper.o)
                              main.o (sysUtilRegisterCallback)
/usr/local/ps3dev/psl1ght/ppu/lib/librt.a(sbrk.o)
                              /usr/local/ps3dev/ppu/lib/gcc/powerpc64-ps3-elf/7.2.0/../../../../powerpc64-ps3-elf/lib/lv2-crt0.o (__librt_sbrk_r)
/usr/local/ps3dev/psl1ght/ppu/lib/librt.a(exit.o)
                              /usr/local/ps3dev/ppu/lib/gcc/powerpc64-ps3-elf/7.2.0/../../../../powerpc64-ps3-elf/lib/lv2-crt0.o (__librt_exit)
/usr/local/ps3dev/psl1ght/ppu/lib/librt.a(close.o)
                              /usr/local/ps3dev/ppu/lib/gcc/powerpc64-ps3-elf/7.2.0/../../../../powerpc64-ps3-elf/lib/lv2-crt0.o (__librt_close_r)
/usr/local/ps3dev/psl1ght/ppu/lib/librt.a(lseek.o)
                              /usr/local/ps3dev/ppu/lib/gcc/powerpc64-ps3-elf/7.2.0/../../../../powerpc64-ps3-elf/lib/lv2-crt0.o (__librt_lseek_r)
/usr/local/ps3dev/psl1ght/ppu/lib/librt.a(read.o)
                              /usr/local/ps3dev/ppu/lib/gcc/powerpc64-ps3-elf/7.2.0/../../../../powerpc64-ps3-elf/lib/lv2-crt0.o (__librt_read_r)
/usr/local/ps3dev/psl1ght/ppu/lib/librt.a(open.o)
                              /usr/local/ps3dev/ppu/lib/gcc/powerpc64-ps3-elf/7.2.0/../../../../powerpc64-ps3-elf/lib/lv2-crt0.o (__librt_open_r)
/usr/local/ps3dev/psl1ght/ppu/lib/librt.a(sleep.o)
                              /usr/local/ps3dev/ppu/lib/gcc/powerpc64-ps3-elf/7.2.0/../../../../powerpc64-ps3-elf/lib/lv2-crt0.o (__librt_usleep_r)
/usr/local/ps3dev/psl1ght/ppu/lib/librt.a(write.o)
                              /usr/local/ps3dev/ppu/lib/gcc/powerpc64-ps3-elf/7.2.0/../../../../powerpc64-ps3-elf/lib/lv2-crt0.o (__librt_write_r)
/usr/local/ps3dev/psl1ght/ppu/lib/librt.a(fstat.o)
                              /usr/local/ps3dev/ppu/lib/gcc/powerpc64-ps3-elf/7.2.0/../../../../powerpc64-ps3-elf/lib/lv2-crt0.o (__librt_fstat_r)
/usr/local/ps3dev/psl1ght/ppu/lib/librt.a(socket.o)
                              /usr/local/ps3dev/psl1ght/ppu/lib/librt.a(write.o) (send)
/usr/local/ps3dev/psl1ght/ppu/lib/librt.a(lock.o)
                              /usr/local/ps3dev/ppu/lib/gcc/powerpc64-ps3-elf/7.2.0/../../../../powerpc64-ps3-elf/lib/lv2-crt0.o (__librt_sys_lwmutex_create_r)
/usr/local/ps3dev/psl1ght/ppu/lib/librt.a(dirent.o)
                              /usr/local/ps3dev/ppu/lib/gcc/powerpc64-ps3-elf/7.2.0/../../../../powerpc64-ps3-elf/lib/lv2-crt0.o (__librt_opendir_r)
/usr/local/ps3dev/psl1ght/ppu/lib/librt.a(mkdir.o)
                              /usr/local/ps3dev/ppu/lib/gcc/powerpc64-ps3-elf/7.2.0/../../../../powerpc64-ps3-elf/lib/lv2-crt0.o (__librt_mkdir_r)
/usr/local/ps3dev/psl1ght/ppu/lib/librt.a(times.o)
                              /usr/local/ps3dev/ppu/lib/gcc/powerpc64-ps3-elf/7.2.0/../../../../powerpc64-ps3-elf/lib/lv2-crt0.o (__librt_times_r)
/usr/local/ps3dev/psl1ght/ppu/lib/librt.a(umask.o)
                              /usr/local/ps3dev/ppu/lib/gcc/powerpc64-ps3-elf/7.2.0/../../../../powerpc64-ps3-elf/lib/lv2-crt0.o (__librt_umask_r)
/usr/local/ps3dev/psl1ght/ppu/lib/librt.a(lv2errno.o)
                              /usr/local/ps3dev/psl1ght/ppu/lib/librt.a(socket.o) (lv2errno)
/usr/local/ps3dev/psl1ght/ppu/lib/librt.a(heap.o)
                              memory.o (heapInit)
/usr/local/ps3dev/psl1ght/ppu/lib/librt.a(chmod.o)
[...]
Memory Configuration

Name             Origin             Length             Attributes
*default*        0x0000000000000000 0xffffffffffffffff

Linker script and memory map

                0x0000000000010000                PROVIDE (__executable_start, 0x10000)
                0x0000000000010200                . = (0x10000 + SIZEOF_HEADERS)

.interp
 *(.interp)

.hash
 *(.hash)

.dynsym
 *(.dynsym)

.dynstr
 *(.dynstr)

.gnu.version
 *(.gnu.version)

.gnu.version_d
 *(.gnu.version_d)

.gnu.version_r
 *(.gnu.version_r)

.rel.dyn
 *(.rel.init)
 *(.rel.text .rel.text.* .rel.gnu.linkonce.t.*)
 *(.rel.fini)
 *(.rel.rodata .rel.rodata.* .rel.gnu.linkonce.r.*)
 *(.rel.data.rel.ro*)
 *(.rel.data .rel.data.* .rel.gnu.linkonce.d.*)
 *(.rel.tdata .rel.tdata.* .rel.gnu.linkonce.td.*)
 *(.rel.tbss .rel.tbss.* .rel.gnu.linkonce.tb.*)
 *(.rel.ctors)
 *(.rel.dtors)
 *(.rel.got)
 *(.rel.sdata .rel.sdata.* .rel.gnu.linkonce.s.*)
 *(.rel.sbss .rel.sbss.* .rel.gnu.linkonce.sb.*)
 *(.rel.sdata2 .rel.sdata2.* .rel.gnu.linkonce.s2.*)
 *(.rel.sbss2 .rel.sbss2.* .rel.gnu.linkonce.sb2.*)
 *(.rel.bss .rel.bss.* .rel.gnu.linkonce.b.*)

.rela.dyn       0x0000000000010200        0x0
 *(.rela.init)
 *(.rela.text .rela.text.* .rela.gnu.linkonce.t.*)
 *(.rela.fini)
 *(.rela.rodata .rela.rodata.* .rela.gnu.linkonce.r.*)
 .rela.rodata._ZTVSt9type_info
                0x0000000000000000        0x0 linker stubs
 .rela.rodata._ZTVSt9bad_alloc
                0x0000000000000000        0x0 linker stubs
 .rela.rodata._ZTVSt9exception
                0x0000000000000000        0x0 linker stubs
 .rela.rodata._ZTVSt13bad_exception
                0x0000000000000000        0x0 linker stubs
 *(.rela.data .rela.data.* .rela.gnu.linkonce.d.*)
 .rela.data.rel.ro._ZTV11SMeshBuffer
                0x0000000000000000        0x0 linker stubs
 .rela.data.rel.ro._ZTI11SMeshBuffer
                0x0000000000000000        0x0 linker stubs
 .rela.data.rel.ro._ZTIN10__cxxabiv117__class_type_infoE
                0x0000000000000000        0x0 linker stubs
 .rela.data.rel.ro._ZTVN10__cxxabiv117__class_type_infoE
                0x0000000000000000        0x0 linker stubs
 .rela.data.rel._ZN10__cxxabiv119__terminate_handlerE
                0x0000000000000000        0x0 linker stubs
 .rela.data.rel.ro._ZTIN10__cxxabiv120__si_class_type_infoE
                0x0000000000000000        0x0 linker stubs
 .rela.data.rel.ro._ZTVN10__cxxabiv120__si_class_type_infoE
                0x0000000000000000        0x0 linker stubs
 .rela.data.rel.ro._ZTISt9type_info
                0x0000000000000000        0x0 linker stubs
 .rela.data.DW.ref._ZTISt9exception
                0x0000000000000000        0x0 linker stubs
 .rela.data.rel.ro._ZTISt9bad_alloc
                0x0000000000000000        0x0 linker stubs
 .rela.data.rel.ro._ZTISt9exception
                0x0000000000000000        0x0 linker stubs
 .rela.data.rel.ro._ZTISt13bad_exception
                0x0000000000000000        0x0 linker stubs
 .rela.data.rel.ro._ZTIN10__cxxabiv115__forced_unwindE
                0x0000000000000000        0x0 linker stubs
 .rela.data.rel.ro._ZTIN10__cxxabiv119__foreign_exceptionE
                0x0000000000000000        0x0 linker stubs
 .rela.data.rel.ro._ZTVN10__cxxabiv115__forced_unwindE
                0x0000000000000000        0x0 linker stubs
 .rela.data.rel.ro._ZTVN10__cxxabiv119__foreign_exceptionE
                0x0000000000000000        0x0 linker stubs
 *(.rela.tdata .rela.tdata.* .rela.gnu.linkonce.td.*)
 *(.rela.tbss .rela.tbss.* .rela.gnu.linkonce.tb.*)
 *(.rela.ctors)
 *(.rela.dtors)
 *(.rela.got)
 *(.rela.toc)
 .rela.toc      0x0000000000000000        0x0 linker stubs
 *(.rela.sdata .rela.sdata.* .rela.gnu.linkonce.s.*)
 *(.rela.sbss .rela.sbss.* .rela.gnu.linkonce.sb.*)
 *(.rela.sdata2 .rela.sdata2.* .rela.gnu.linkonce.s2.*)
 *(.rela.sbss2 .rela.sbss2.* .rela.gnu.linkonce.sb2.*)
 *(.rela.bss .rela.bss.* .rela.gnu.linkonce.b.*)
 .rela.iplt     0x0000000000000000        0x0 linker stubs
 .rela.sys_proc_prx_param
                0x0000000000000000        0x0 linker stubs
 .rela.opd      0x0000000000000000        0x0 linker stubs
 .rela.eh_frame
                0x0000000000000000        0x0 linker stubs
 .rela.gcc_except_table._ZN9__gnu_cxx27__verbose_terminate_handlerEv
                0x0000000000000000        0x0 linker stubs

.rel.plt
 *(.rel.plt)

.rela.plt
 *(.rela.plt)

.rela.tocbss
 *(.rela.tocbss)

.init           0x0000000000010200       0x2c
 *(.init)
 .init          0x0000000000010200        0xc /usr/local/ps3dev/ppu/lib/gcc/powerpc64-ps3-elf/7.2.0/../../../../powerpc64-ps3-elf/lib/lv2-crti.o
                0x0000000000010200                ._init
 .init          0x000000000001020c        0x8 /usr/local/ps3dev/ppu/lib/gcc/powerpc64-ps3-elf/7.2.0/crtbegin.o
 .init          0x0000000000010214        0x8 /usr/local/ps3dev/ppu/lib/gcc/powerpc64-ps3-elf/7.2.0/crtend.o
 .init          0x000000000001021c       0x10 /usr/local/ps3dev/ppu/lib/gcc/powerpc64-ps3-elf/7.2.0/../../../../powerpc64-ps3-elf/lib/lv2-crtn.o

.text           0x0000000000010230    0x36778
 *(.text .stub .text.* .gnu.linkonce.t.*)
 .text          0x0000000000010230        0x0 /usr/local/ps3dev/ppu/lib/gcc/powerpc64-ps3-elf/7.2.0/../../../../powerpc64-ps3-elf/lib/lv2-crti.o
 .text          0x0000000000010230        0x0 /usr/local/ps3dev/ppu/lib/gcc/powerpc64-ps3-elf/7.2.0/crtbegin.o
 .text.deregister_tm_clones
                0x0000000000010230       0x54 /usr/local/ps3dev/ppu/lib/gcc/powerpc64-ps3-elf/7.2.0/crtbegin.o
 *fill*         0x0000000000010284        0x4 60000000
 .text.register_tm_clones
                0x0000000000010288       0x60 /usr/local/ps3dev/ppu/lib/gcc/powerpc64-ps3-elf/7.2.0/crtbegin.o
 .text.__do_global_dtors_aux
                0x00000000000102e8       0xd4 /usr/local/ps3dev/ppu/lib/gcc/powerpc64-ps3-elf/7.2.0/crtbegin.o
 *fill*         0x00000000000103bc        0x4 60000000
 .text.frame_dummy
                0x00000000000103c0       0x38 /usr/local/ps3dev/ppu/lib/gcc/powerpc64-ps3-elf/7.2.0/crtbegin.o
 .text          0x00000000000103f8       0x58 /usr/local/ps3dev/ppu/lib/gcc/powerpc64-ps3-elf/7.2.0/../../../../powerpc64-ps3-elf/lib/lv2-crt0.o
                0x00000000000103f8                ._start
 .text.startup.__syscalls_init
                0x0000000000010450      0x134 /usr/local/ps3dev/ppu/lib/gcc/powerpc64-ps3-elf/7.2.0/../../../../powerpc64-ps3-elf/lib/lv2-crt0.o
 *fill*         0x0000000000010584        0x4 60000000
 .text._initialize
                0x0000000000010588       0x40 /usr/local/ps3dev/ppu/lib/gcc/powerpc64-ps3-elf/7.2.0/../../../../powerpc64-ps3-elf/lib/lv2-crt0.o
                0x0000000000010588                ._initialize
 .text          0x00000000000105c8        0x0 /usr/local/ps3dev/ppu/lib/gcc/powerpc64-ps3-elf/7.2.0/../../../../powerpc64-ps3-elf/lib/lv2-sprx.o
 .text          0x00000000000105c8        0x0 spu.bin.o
 .text          0x00000000000105c8        0x0 diffuse_specular_shader.vpo.o
 .text          0x00000000000105c8        0x0 diffuse_specular_shader.fpo.o
 .text          0x00000000000105c8        0x0 geometry.o
 .text._ZNK11SMeshBuffer11getVerticesEv
                0x00000000000105c8       0x14 geometry.o
                0x00000000000105c8                ._ZNK11SMeshBuffer11getVerticesEv
 .text._ZN11SMeshBuffer11getVerticesEv
                0x00000000000105dc       0x14 geometry.o
                0x00000000000105dc                ._ZN11SMeshBuffer11getVerticesEv
 .text._ZNK11SMeshBuffer14getVertexCountEv
                0x00000000000105f0       0x14 geometry.o
                0x00000000000105f0                ._ZNK11SMeshBuffer14getVertexCountEv
 .text._ZNK11SMeshBuffer10getIndicesEv
                0x0000000000010604       0x14 geometry.o
                0x0000000000010604                ._ZNK11SMeshBuffer10getIndicesEv
 .text._ZN11SMeshBuffer10getIndicesEv
                0x0000000000010618       0x14 geometry.o
                0x0000000000010618                ._ZN11SMeshBuffer10getIndicesEv
 .text._ZNK11SMeshBuffer13getIndexCountEv
                0x000000000001062c       0x14 geometry.o
                0x000000000001062c                ._ZNK11SMeshBuffer13getIndexCountEv
 .text._ZN10Vectormath10floatInVecC2EU8__vectorfi
                0x0000000000010640       0x40 geometry.o
                0x0000000000010640                ._ZN10Vectormath10floatInVecC1EU8__vectorfi
                0x0000000000010640                ._ZN10Vectormath10floatInVecC2EU8__vectorfi
                0x0000000000010640                ._ZN10Vectormath10floatInVecC2EDv4_fi
                0x0000000000010640                ._ZN10Vectormath10floatInVecC1EDv4_fi
 .text._ZN10Vectormath10floatInVecC2Ef
                0x0000000000010680       0x44 geometry.o
                0x0000000000010680                ._ZN10Vectormath10floatInVecC2Ef
                0x0000000000010680                ._ZN10Vectormath10floatInVecC1Ef
 .text._ZN10Vectormath3Aos7Vector3C2Efff
                0x00000000000106c4       0x1c geometry.o
                0x00000000000106c4                ._ZN10Vectormath3Aos7Vector3C1Efff
                0x00000000000106c4                ._ZN10Vectormath3Aos7Vector3C2Efff
 .text._ZNK10Vectormath3Aos7Vector34getXEv
                0x00000000000106e0       0x50 geometry.o
                0x00000000000106e0                ._ZNK10Vectormath3Aos7Vector34getXEv
 .text._ZNK10Vectormath3Aos7Vector34getYEv
                0x0000000000010730       0x50 geometry.o
                0x0000000000010730                ._ZNK10Vectormath3Aos7Vector34getYEv
 .text._ZNK10Vectormath3Aos7Vector34getZEv
                0x0000000000010780       0x50 geometry.o
                0x0000000000010780                ._ZNK10Vectormath3Aos7Vector34getZEv
 .text._ZNK10Vectormath3Aos7Vector3miES1_
                0x00000000000107d0       0x34 geometry.o
                0x00000000000107d0                ._ZNK10Vectormath3Aos7Vector3miES1_
 .text._ZNK10Vectormath3Aos7Vector3mlENS_10floatInVecE
                0x0000000000010804       0x38 geometry.o
                0x0000000000010804                ._ZNK10Vectormath3Aos7Vector3mlENS_10floatInVecE
 .text._ZNK10Vectormath3Aos7Vector3mlEf
                0x000000000001083c       0x68 geometry.o
                0x000000000001083c                ._ZNK10Vectormath3Aos7Vector3mlEf
 .text._ZN10Vectormath3Aos7Vector3mIES1_
                0x00000000000108a4       0x5c geometry.o
                0x00000000000108a4                ._ZN10Vectormath3Aos7Vector3mIES1_
 .text._ZN10Vectormath3Aos7Vector3mLEf
                0x0000000000010900       0x5c geometry.o
                0x0000000000010900                ._ZN10Vectormath3Aos7Vector3mLEf
 .text._ZN10Vectormath3Aos9normalizeENS0_7Vector3E
                0x000000000001095c       0x9c geometry.o
                0x000000000001095c                ._ZN10Vectormath3Aos9normalizeENS0_7Vector3E
 .text._Z5clampIfEKT_RS1_S2_S2_
                0x00000000000109f8       0x3c geometry.o
                0x00000000000109f8                ._Z5clampIfEKT_RS1_S2_S2_
 .text._ZN3irr4core12allocatorRSXIjEnwEm
                0x0000000000010a34       0x38 geometry.o
                0x0000000000010a34                ._ZN3irr4core12allocatorRSXIjEnwEm
 .text._ZN3irr4core5arrayIjNS0_12allocatorRSXIjEEE10reallocateEj
                0x0000000000010a6c       0xa4 geometry.o
                0x0000000000010a6c                ._ZN3irr4core5arrayIjNS0_12allocatorRSXIjEEE10reallocateEj
 .text._ZN3irr4core5arrayIjNS0_12allocatorRSXIjEEE8set_usedEj
                0x0000000000010b10       0x40 geometry.o
                0x0000000000010b10                ._ZN3irr4core5arrayIjNS0_12allocatorRSXIjEEE8set_usedEj
 .text._ZN3irr4core12allocatorRSXI9S3DVertexEnwEm
                0x0000000000010b50       0x38 geometry.o
                0x0000000000010b50                ._ZN3irr4core12allocatorRSXI9S3DVertexEnwEm
 .text._ZN3irr4core5arrayI9S3DVertexNS0_12allocatorRSXIS2_EEE10reallocateEj
                0x0000000000010b88      0x108 geometry.o
                0x0000000000010b88                ._ZN3irr4core5arrayI9S3DVertexNS0_12allocatorRSXIS2_EEE10reallocateEj
 .text._ZN3irr4core5arrayI9S3DVertexNS0_12allocatorRSXIS2_EEE8set_usedEj
                0x0000000000010c90       0x40 geometry.o
                0x0000000000010c90                ._ZN3irr4core5arrayI9S3DVertexNS0_12allocatorRSXIS2_EEE8set_usedEj
 .text._Z12createSpherefjj
                0x0000000000010cd0      0x7d0 geometry.o
                0x0000000000010cd0                ._Z12createSpherefjj
 .text._Z11createDonutffjj
                0x00000000000114a0      0x454 geometry.o
                0x00000000000114a0                ._Z11createDonutffjj
 .text._Z10createCubef
                0x00000000000118f4      0x6d0 geometry.o
                0x00000000000118f4                ._Z10createCubef
 .text          0x0000000000011fc4        0x0 main.o
 .text._Z21sysutil_exit_callbackmmPv
                0x0000000000011fc4       0x24 main.o
                0x0000000000011fc4                ._Z21sysutil_exit_callbackmmPv
 .text._Z21program_exit_callbackv
                0x0000000000011fe8       0x48 main.o
                0x0000000000011fe8                ._Z21program_exit_callbackv
 .text._ZL14_vmathVfInsertU8__vectorfS_i.clone.15
                0x0000000000012030       0x18 main.o
 .text._ZN10Vectormath3Aos5crossENS0_7Vector3ES1_
                0x0000000000012048       0x58 main.o
                0x0000000000012048                ._ZN10Vectormath3Aos5crossENS0_7Vector3ES1_
 .text._ZN10Vectormath3Aos7Vector4C2ENS0_7Vector3Ef
                0x00000000000120a0       0x18 main.o
                0x00000000000120a0                ._ZN10Vectormath3Aos7Vector4C2ENS0_7Vector3Ef
                0x00000000000120a0                ._ZN10Vectormath3Aos7Vector4C1ENS0_7Vector3Ef
 .text._ZN10Vectormath3Aos7Vector4C2ENS0_7Vector3E
                0x00000000000120b8       0x48 main.o
                0x00000000000120b8                ._ZN10Vectormath3Aos7Vector4C1ENS0_7Vector3E
                0x00000000000120b8                ._ZN10Vectormath3Aos7Vector4C2ENS0_7Vector3E
 .text._ZN10Vectormath3Aos7Vector4C2ENS0_6Point3E
                0x0000000000012100       0x4c main.o
                0x0000000000012100                ._ZN10Vectormath3Aos7Vector4C1ENS0_6Point3E
                0x0000000000012100                ._ZN10Vectormath3Aos7Vector4C2ENS0_6Point3E
 .text._ZN10Vectormath3Aos7Vector46setXYZENS0_7Vector3E
                0x000000000001214c       0x3c main.o
                0x000000000001214c                ._ZN10Vectormath3Aos7Vector46setXYZENS0_7Vector3E
 .text._ZN10Vectormath3Aos6Point3C2Efff
                0x0000000000012188       0x1c main.o
                0x0000000000012188                ._ZN10Vectormath3Aos6Point3C1Efff
                0x0000000000012188                ._ZN10Vectormath3Aos6Point3C2Efff
 .text._ZNK10Vectormath3Aos6Point3miES1_
                0x00000000000121a4       0x34 main.o
                0x00000000000121a4                ._ZNK10Vectormath3Aos6Point3miES1_
 .text._ZN10Vectormath3Aos7Matrix4C2ERKNS0_10Transform3E
                0x00000000000121d8       0xf8 main.o
                0x00000000000121d8                ._ZN10Vectormath3Aos7Matrix4C2ERKNS0_10Transform3E
                0x00000000000121d8                ._ZN10Vectormath3Aos7Matrix4C1ERKNS0_10Transform3E
 .text._ZN10Vectormath3Aos9transposeERKNS0_7Matrix4E
                0x00000000000122d0       0x74 main.o
                0x00000000000122d0                ._ZN10Vectormath3Aos9transposeERKNS0_7Matrix4E
 .text._ZN10Vectormath3Aos7inverseERKNS0_7Matrix4E
                0x0000000000012344      0x200 main.o
                0x0000000000012344                ._ZN10Vectormath3Aos7inverseERKNS0_7Matrix4E
 .text._ZNK10Vectormath3Aos7Matrix4mlENS0_7Vector4E
                0x0000000000012544       0x70 main.o
                0x0000000000012544                ._ZNK10Vectormath3Aos7Matrix4mlENS0_7Vector4E
 .text._ZNK10Vectormath3Aos7Matrix4mlENS0_6Point3E
                0x00000000000125b4       0x6c main.o
                0x00000000000125b4                ._ZNK10Vectormath3Aos7Matrix4mlENS0_6Point3E
 .text._ZNK10Vectormath3Aos7Matrix4mlERKS1_
                0x0000000000012620       0xfc main.o
                0x0000000000012620                ._ZNK10Vectormath3Aos7Matrix4mlERKS1_
 .text._ZN10Vectormath3Aos7Matrix49rotationXENS_10floatInVecE
                0x000000000001271c      0x100 main.o
                0x000000000001271c                ._ZN10Vectormath3Aos7Matrix49rotationXENS_10floatInVecE
 .text._ZN10Vectormath3Aos7Matrix49rotationXEf
                0x000000000001281c       0x60 main.o
                0x000000000001281c                ._ZN10Vectormath3Aos7Matrix49rotationXEf
 .text._ZN10Vectormath3Aos7Matrix49rotationYENS_10floatInVecE
                0x000000000001287c       0xf4 main.o
                0x000000000001287c                ._ZN10Vectormath3Aos7Matrix49rotationYENS_10floatInVecE
 .text._ZN10Vectormath3Aos7Matrix49rotationYEf
                0x0000000000012970       0x60 main.o
                0x0000000000012970                ._ZN10Vectormath3Aos7Matrix49rotationYEf
 .text._ZN10Vectormath3Aos7Matrix411perspectiveEffff
                0x00000000000129d0      0x15c main.o
                0x00000000000129d0                ._ZN10Vectormath3Aos7Matrix411perspectiveEffff
 .text._ZN10Vectormath3Aos12orthoInverseERKNS0_10Transform3E
                0x0000000000012b2c       0xdc main.o
                0x0000000000012b2c                ._ZN10Vectormath3Aos12orthoInverseERKNS0_10Transform3E
 .text._ZN10Vectormath3Aos12orthoInverseERKNS0_7Matrix4E
                0x0000000000012c08       0xa0 main.o
                0x0000000000012c08                ._ZN10Vectormath3Aos12orthoInverseERKNS0_7Matrix4E
 .text._ZN10Vectormath3Aos7Matrix46lookAtENS0_6Point3ES2_NS0_7Vector3E
                0x0000000000012ca8      0x19c main.o
                0x0000000000012ca8                ._ZN10Vectormath3Aos7Matrix46lookAtENS0_6Point3ES2_NS0_7Vector3E
 .text._Z11init_shaderv
                0x0000000000012e44      0x1d0 main.o
                0x0000000000012e44                ._Z11init_shaderv
 .text._Z10initializev
                0x0000000000013014       0xd0 main.o
                0x0000000000013014                ._Z10initializev
 .text._Z9drawFramev
                0x00000000000130e4      0xcfc main.o
                0x00000000000130e4                ._Z9drawFramev
 .text._ZN3irr4core5arrayIjNS0_12allocatorRSXIjEEED2Ev
                0x0000000000013de0       0x40 main.o
                0x0000000000013de0                ._ZN3irr4core5arrayIjNS0_12allocatorRSXIjEEED2Ev
                0x0000000000013de0                ._ZN3irr4core5arrayIjNS0_12allocatorRSXIjEEED1Ev
 .text._ZN3irr4core5arrayI9S3DVertexNS0_12allocatorRSXIS2_EEED2Ev
                0x0000000000013e20       0x40 main.o
                0x0000000000013e20                ._ZN3irr4core5arrayI9S3DVertexNS0_12allocatorRSXIS2_EEED1Ev
                0x0000000000013e20                ._ZN3irr4core5arrayI9S3DVertexNS0_12allocatorRSXIS2_EEED2Ev
 .text._ZN11SMeshBufferD2Ev
                0x0000000000013e60       0x60 main.o
                0x0000000000013e60                ._ZN11SMeshBufferD1Ev
                0x0000000000013e60                ._ZN11SMeshBufferD2Ev
 .text.main     0x0000000000013ec0      0x2c8 main.o
                0x0000000000013ec0                .main
 .text._GLOBAL__I_running
                0x0000000000014188       0x88 main.o
 .text          0x0000000000014210        0x0 memory.o
 .text._Z11init_memoryPvj
                0x0000000000014210       0x50 memory.o
                0x0000000000014210                ._Z11init_memoryPvj
 .text._Z9mem_allocj
                0x0000000000014260       0x4c memory.o
                0x0000000000014260                ._Z9mem_allocj
 .text._Z9mem_alignjj
                0x00000000000142ac       0x4c memory.o
                0x00000000000142ac                ._Z9mem_alignjj
 .text._Z8mem_freePv
                0x00000000000142f8       0x48 memory.o
                0x00000000000142f8                ._Z8mem_freePv
 .text          0x0000000000014340        0x0 rsxutil.o
 .text._Z15setRenderTargetj
                0x0000000000014340       0xe4 rsxutil.o
                0x0000000000014340                ._Z15setRenderTargetj
 .text._Z11init_screenPvj
                0x0000000000014424      0x284 rsxutil.o
                0x0000000000014424                ._Z11init_screenPvj
 .text._Z8waitflipv
                0x00000000000146a8       0x50 rsxutil.o
                0x00000000000146a8                ._Z8waitflipv
 .text._Z4flipv
                0x00000000000146f8       0x90 rsxutil.o
                0x00000000000146f8                ._Z4flipv
 .text          0x0000000000014788        0x0 spu.o
 .text._Z19setup_shared_bufferjjj
                0x0000000000014788       0x20 spu.o
                0x0000000000014788                ._Z19setup_shared_bufferjjj
 .text._Z8init_spuv
                0x00000000000147a8       0xa8 spu.o
                0x00000000000147a8                ._Z8init_spuv
 .text._Z12shutdown_spuv
                0x0000000000014850       0x44 spu.o
                0x0000000000014850                ._Z12shutdown_spuv
 .text._Z14signal_spu_ppuv
                0x0000000000014894       0x34 spu.o
                0x0000000000014894                ._Z14signal_spu_ppuv
 .text._Z14signal_spu_rsxv
                0x00000000000148c8       0x70 spu.o
                0x00000000000148c8                ._Z14signal_spu_rsxv
 .text._Z15wait_signal_spuv
                0x0000000000014938       0x48 spu.o
                0x0000000000014938                ._Z15wait_signal_spuv
 .text._Z16clear_signal_spuv
                0x0000000000014980       0x48 spu.o
                0x0000000000014980                ._Z16clear_signal_spuv
 .text          0x00000000000149c8        0x0 /usr/local/ps3dev/psl1ght/ppu/lib/libsimdmath.a(negatef4.o)
 .text.negatef4
                0x00000000000149c8       0x1c /usr/local/ps3dev/psl1ght/ppu/lib/libsimdmath.a(negatef4.o)
                0x00000000000149c8                .negatef4
 .text          0x00000000000149e4        0x0 /usr/local/ps3dev/psl1ght/ppu/lib/libsimdmath.a(recipf4.o)
 *fill*         0x00000000000149e4        0x4 60000000
 .text.recipf4  0x00000000000149e8       0x24 /usr/local/ps3dev/psl1ght/ppu/lib/libsimdmath.a(recipf4.o)
                0x00000000000149e8                .recipf4
 .text          0x0000000000014a0c        0x0 /usr/local/ps3dev/psl1ght/ppu/lib/libsimdmath.a(rsqrtf4.o)
 *fill*         0x0000000000014a0c        0x4 60000000
 .text.rsqrtf4  0x0000000000014a10       0x38 /usr/local/ps3dev/psl1ght/ppu/lib/libsimdmath.a(rsqrtf4.o)
                0x0000000000014a10                .rsqrtf4
 .text          0x0000000000014a48        0x0 /usr/local/ps3dev/psl1ght/ppu/lib/libsimdmath.a(sincosf4.o)
 .text.sincosf4
                0x0000000000014a48      0x120 /usr/local/ps3dev/psl1ght/ppu/lib/libsimdmath.a(sincosf4.o)
                0x0000000000014a48                .sincosf4
 .text          0x0000000000014b68        0x0 /usr/local/ps3dev/psl1ght/ppu/lib/librsx.a(init.o)
 .text.rsxInit  0x0000000000014b68       0x68 /usr/local/ps3dev/psl1ght/ppu/lib/librsx.a(init.o)
                0x0000000000014b68                .rsxInit
 .text.rsxSetupContextData
                0x0000000000014bd0       0x38 /usr/local/ps3dev/psl1ght/ppu/lib/librsx.a(init.o)
                0x0000000000014bd0                .rsxSetupContextData
 .text          0x0000000000014c08        0x0 /usr/local/ps3dev/psl1ght/ppu/lib/librsx.a(buffer.o)
 .text.rsxResetCommandBuffer
                0x0000000000014c08       0x80 /usr/local/ps3dev/psl1ght/ppu/lib/librsx.a(buffer.o)
                0x0000000000014c08                .rsxResetCommandBuffer
 .text.rsxFlushBuffer
                0x0000000000014c88       0x78 /usr/local/ps3dev/psl1ght/ppu/lib/librsx.a(buffer.o)
                0x0000000000014c88                .rsxFlushBuffer
 .text.rsxFinish
                0x0000000000014d00       0x84 /usr/local/ps3dev/psl1ght/ppu/lib/librsx.a(buffer.o)
                0x0000000000014d00                .rsxFinish
 .text          0x0000000000014d84        0x0 /usr/local/ps3dev/psl1ght/ppu/lib/librsx.a(commands.o)
 *fill*         0x0000000000014d84        0x4 60000000
 .text.rsxContextCallback.constprop.0
                0x0000000000014d88       0x50 /usr/local/ps3dev/psl1ght/ppu/lib/librsx.a(commands.o)
 .text.rsxContextCallback
                0x0000000000014dd8       0x50 /usr/local/ps3dev/psl1ght/ppu/lib/librsx.a(commands.o)
                0x0000000000014dd8                .rsxContextCallback
 .text.rsxSetReturnCommand
                0x0000000000014e28       0x90 /usr/local/ps3dev/psl1ght/ppu/lib/librsx.a(commands.o)
                0x0000000000014e28                .rsxSetReturnCommand
 .text.rsxSetCallCommand
                0x0000000000014eb8       0x98 /usr/local/ps3dev/psl1ght/ppu/lib/librsx.a(commands.o)
                0x0000000000014eb8                .rsxSetCallCommand
 .text.rsxSetJumpCommand
                0x0000000000014f50       0x98 /usr/local/ps3dev/psl1ght/ppu/lib/librsx.a(commands.o)
                0x0000000000014f50                .rsxSetJumpCommand
 .text.rsxSetNopCommand
                0x0000000000014fe8      0x114 /usr/local/ps3dev/psl1ght/ppu/lib/librsx.a(commands.o)
                0x0000000000014fe8                .rsxSetNopCommand
 *fill*         0x00000000000150fc        0x4 60000000
 .text.rsxSetClearColor
                0x0000000000015100       0xa0 /usr/local/ps3dev/psl1ght/ppu/lib/librsx.a(commands.o)
                0x0000000000015100                .rsxSetClearColor
 .text.rsxSetClearDepthValue
                0x00000000000151a0       0xa0 /usr/local/ps3dev/psl1ght/ppu/lib/librsx.a(commands.o)
                0x00000000000151a0                .rsxSetClearDepthValue
 .text.rsxSetReferenceCommand
                0x0000000000015240       0xa0 /usr/local/ps3dev/psl1ght/ppu/lib/librsx.a(commands.o)
                0x0000000000015240                .rsxSetReferenceCommand
 .text.rsxSetWriteBackendLabel
                0x00000000000152e0       0xd0 /usr/local/ps3dev/psl1ght/ppu/lib/librsx.a(commands.o)
                0x00000000000152e0                .rsxSetWriteBackendLabel
 .text.rsxSetWaitLabel
                0x00000000000153b0       0xbc /usr/local/ps3dev/psl1ght/ppu/lib/librsx.a(commands.o)
                0x00000000000153b0                .rsxSetWaitLabel
 *fill*         0x000000000001546c        0x4 60000000
 .text.rsxSetWriteCommandLabel
                0x0000000000015470       0xbc /usr/local/ps3dev/psl1ght/ppu/lib/librsx.a(commands.o)
                0x0000000000015470                .rsxSetWriteCommandLabel
 *fill*         0x000000000001552c        0x4 60000000
 .text.rsxSetSurface
                0x0000000000015530      0x238 /usr/local/ps3dev/psl1ght/ppu/lib/librsx.a(commands.o)
                0x0000000000015530                .rsxSetSurface
 .text.rsxSetColorMask
                0x0000000000015768       0xa0 /usr/local/ps3dev/psl1ght/ppu/lib/librsx.a(commands.o)
                0x0000000000015768                .rsxSetColorMask
 .text.rsxSetColorMaskMRT
                0x0000000000015808       0xa0 /usr/local/ps3dev/psl1ght/ppu/lib/librsx.a(commands.o)
                0x0000000000015808                .rsxSetColorMaskMRT
 .text.rsxSetShadeModel
                0x00000000000158a8       0xa0 /usr/local/ps3dev/psl1ght/ppu/lib/librsx.a(commands.o)
                0x00000000000158a8                .rsxSetShadeModel
 .text.rsxSetViewport
                0x0000000000015948      0x1d4 /usr/local/ps3dev/psl1ght/ppu/lib/librsx.a(commands.o)
                0x0000000000015948                .rsxSetViewport
 *fill*         0x0000000000015b1c        0x4 60000000
 .text.rsxSetViewportClip
                0x0000000000015b20       0xc8 /usr/local/ps3dev/psl1ght/ppu/lib/librsx.a(commands.o)
                0x0000000000015b20                .rsxSetViewportClip
 .text.rsxSetUserClipPlaneControl
                0x0000000000015be8       0xf0 /usr/local/ps3dev/psl1ght/ppu/lib/librsx.a(commands.o)
                0x0000000000015be8                .rsxSetUserClipPlaneControl
 .text.rsxSetDepthTestEnable
                0x0000000000015cd8       0xa0 /usr/local/ps3dev/psl1ght/ppu/lib/librsx.a(commands.o)
                0x0000000000015cd8                .rsxSetDepthTestEnable
 .text.rsxSetDepthFunc
                0x0000000000015d78       0xa0 /usr/local/ps3dev/psl1ght/ppu/lib/librsx.a(commands.o)
                0x0000000000015d78                .rsxSetDepthFunc
 .text.rsxSetDepthWriteEnable
                0x0000000000015e18       0xa0 /usr/local/ps3dev/psl1ght/ppu/lib/librsx.a(commands.o)
                0x0000000000015e18                .rsxSetDepthWriteEnable
 .text.rsxSetCullFaceEnable
                0x0000000000015eb8       0xa0 /usr/local/ps3dev/psl1ght/ppu/lib/librsx.a(commands.o)
                0x0000000000015eb8                .rsxSetCullFaceEnable
 .text.rsxSetCullFace
                0x0000000000015f58       0xa0 /usr/local/ps3dev/psl1ght/ppu/lib/librsx.a(commands.o)
                0x0000000000015f58                .rsxSetCullFace
 .text.rsxSetFrontFace
                0x0000000000015ff8       0xa0 /usr/local/ps3dev/psl1ght/ppu/lib/librsx.a(commands.o)
                0x0000000000015ff8                .rsxSetFrontFace
 .text.rsxClearSurface
                0x0000000000016098       0xb0 /usr/local/ps3dev/psl1ght/ppu/lib/librsx.a(commands.o)
                0x0000000000016098                .rsxClearSurface
 .text.rsxLoadVertexProgramBlock
                0x0000000000016148      0x220 /usr/local/ps3dev/psl1ght/ppu/lib/librsx.a(commands.o)
                0x0000000000016148                .rsxLoadVertexProgramBlock
 .text.rsxLoadFragmentProgramLocation
                0x0000000000016368      0x228 /usr/local/ps3dev/psl1ght/ppu/lib/librsx.a(commands.o)
                0x0000000000016368                .rsxLoadFragmentProgramLocation
 .text.rsxLoadVertexProgramParameterBlock
                0x0000000000016590      0x134 /usr/local/ps3dev/psl1ght/ppu/lib/librsx.a(commands.o)
                0x0000000000016590                .rsxLoadVertexProgramParameterBlock
 *fill*         0x00000000000166c4        0x4 60000000
 .text.rsxLoadVertexProgram
                0x00000000000166c8       0xec /usr/local/ps3dev/psl1ght/ppu/lib/librsx.a(commands.o)
                0x00000000000166c8                .rsxLoadVertexProgram
 *fill*         0x00000000000167b4        0x4 60000000
 .text.rsxSetVertexProgramParameter
                0x00000000000167b8       0x7c /usr/local/ps3dev/psl1ght/ppu/lib/librsx.a(commands.o)
                0x00000000000167b8                .rsxSetVertexProgramParameter
 *fill*         0x0000000000016834        0x4 60000000
 .text.rsxDrawVertexBegin
                0x0000000000016838       0xa0 /usr/local/ps3dev/psl1ght/ppu/lib/librsx.a(commands.o)
                0x0000000000016838                .rsxDrawVertexBegin
 .text.rsxDrawVertexEnd
                0x00000000000168d8       0x98 /usr/local/ps3dev/psl1ght/ppu/lib/librsx.a(commands.o)
                0x00000000000168d8                .rsxDrawVertexEnd
 .text.rsxDrawVertex2f
                0x0000000000016970       0xd0 /usr/local/ps3dev/psl1ght/ppu/lib/librsx.a(commands.o)
                0x0000000000016970                .rsxDrawVertex2f
 .text.rsxDrawVertex3f
                0x0000000000016a40       0xe0 /usr/local/ps3dev/psl1ght/ppu/lib/librsx.a(commands.o)
                0x0000000000016a40                .rsxDrawVertex3f
 .text.rsxDrawVertex4f
                0x0000000000016b20      0x100 /usr/local/ps3dev/psl1ght/ppu/lib/librsx.a(commands.o)
                0x0000000000016b20                .rsxDrawVertex4f
 .text.rsxInvalidateTextureCache
                0x0000000000016c20       0xa0 /usr/local/ps3dev/psl1ght/ppu/lib/librsx.a(commands.o)
                0x0000000000016c20                .rsxInvalidateTextureCache
 .text.rsxLoadTexture
                0x0000000000016cc0      0x140 /usr/local/ps3dev/psl1ght/ppu/lib/librsx.a(commands.o)
                0x0000000000016cc0                .rsxLoadTexture
 .text.rsxTextureControl
                0x0000000000016e00       0xe0 /usr/local/ps3dev/psl1ght/ppu/lib/librsx.a(commands.o)
                0x0000000000016e00                .rsxTextureControl
 .text.rsxTextureFilter
                0x0000000000016ee0       0xd0 /usr/local/ps3dev/psl1ght/ppu/lib/librsx.a(commands.o)
                0x0000000000016ee0                .rsxTextureFilter
 .text.rsxTextureWrapMode
                0x0000000000016fb0      0x104 /usr/local/ps3dev/psl1ght/ppu/lib/librsx.a(commands.o)
                0x0000000000016fb0                .rsxTextureWrapMode
 *fill*         0x00000000000170b4        0x4 60000000
 .text.rsxZControl
                0x00000000000170b8       0xc0 /usr/local/ps3dev/psl1ght/ppu/lib/librsx.a(commands.o)
                0x00000000000170b8                .rsxZControl
 .text.rsxBindVertexArrayAttrib
                0x0000000000017178       0xf0 /usr/local/ps3dev/psl1ght/ppu/lib/librsx.a(commands.o)
                0x0000000000017178                .rsxBindVertexArrayAttrib
 .text.rsxDrawVertexArray
                0x0000000000017268      0x1f0 /usr/local/ps3dev/psl1ght/ppu/lib/librsx.a(commands.o)
                0x0000000000017268                .rsxDrawVertexArray
 .text.rsxDrawIndexArray
                0x0000000000017458      0x218 /usr/local/ps3dev/psl1ght/ppu/lib/librsx.a(commands.o)
                0x0000000000017458                .rsxDrawIndexArray
 .text.rsxSetScissor
                0x0000000000017670       0xc8 /usr/local/ps3dev/psl1ght/ppu/lib/librsx.a(commands.o)
                0x0000000000017670                .rsxSetScissor
 .text.rsxInlineTransfer
                0x0000000000017738      0x23c /usr/local/ps3dev/psl1ght/ppu/lib/librsx.a(commands.o)
                0x0000000000017738                .rsxInlineTransfer
 *fill*         0x0000000000017974        0x4 60000000
 .text.rsxSetFragmentProgramParameter
                0x0000000000017978      0x2a4 /usr/local/ps3dev/psl1ght/ppu/lib/librsx.a(commands.o)
                0x0000000000017978                .rsxSetFragmentProgramParameter
 *fill*         0x0000000000017c1c        0x4 60000000
 .text.rsxSetBlendFunc
                0x0000000000017c20       0xc8 /usr/local/ps3dev/psl1ght/ppu/lib/librsx.a(commands.o)
                0x0000000000017c20                .rsxSetBlendFunc
 .text.rsxSetBlendEquation
                0x0000000000017ce8       0xb0 /usr/local/ps3dev/psl1ght/ppu/lib/librsx.a(commands.o)
                0x0000000000017ce8                .rsxSetBlendEquation
 .text.rsxSetBlendColor
                0x0000000000017d98       0xb8 /usr/local/ps3dev/psl1ght/ppu/lib/librsx.a(commands.o)
                0x0000000000017d98                .rsxSetBlendColor
 .text.rsxSetBlendEnable
                0x0000000000017e50       0xa0 /usr/local/ps3dev/psl1ght/ppu/lib/librsx.a(commands.o)
                0x0000000000017e50                .rsxSetBlendEnable
 .text.rsxSetTransformBranchBits
                0x0000000000017ef0       0xa0 /usr/local/ps3dev/psl1ght/ppu/lib/librsx.a(commands.o)
                0x0000000000017ef0                .rsxSetTransformBranchBits
 .text.rsxSetTransferData
                0x0000000000017f90      0x154 /usr/local/ps3dev/psl1ght/ppu/lib/librsx.a(commands.o)
                0x0000000000017f90                .rsxSetTransferData
 *fill*         0x00000000000180e4        0x4 60000000
 .text.rsxSetTransferDataMode
                0x00000000000180e8       0xe8 /usr/local/ps3dev/psl1ght/ppu/lib/librsx.a(commands.o)
                0x00000000000180e8                .rsxSetTransferDataMode
 .text.rsxSetTransferDataOffset
                0x00000000000181d0       0xb8 /usr/local/ps3dev/psl1ght/ppu/lib/librsx.a(commands.o)
                0x00000000000181d0                .rsxSetTransferDataOffset
 .text.rsxSetTransferDataFormat
                0x0000000000018288       0xe0 /usr/local/ps3dev/psl1ght/ppu/lib/librsx.a(commands.o)
                0x0000000000018288                .rsxSetTransferDataFormat
 .text.rsxSetTransferImage
                0x0000000000018368      0x2c0 /usr/local/ps3dev/psl1ght/ppu/lib/librsx.a(commands.o)
                0x0000000000018368                .rsxSetTransferImage
 .text.rsxSetTransferScaleMode
                0x0000000000018628      0x178 /usr/local/ps3dev/psl1ght/ppu/lib/librsx.a(commands.o)
                0x0000000000018628                .rsxSetTransferScaleMode
 .text.rsxSetTransferScaleSurface
                0x00000000000187a0      0x1b0 /usr/local/ps3dev/psl1ght/ppu/lib/librsx.a(commands.o)
                0x00000000000187a0                .rsxSetTransferScaleSurface
 .text.rsxSetTimeStamp
                0x0000000000018950       0xa8 /usr/local/ps3dev/psl1ght/ppu/lib/librsx.a(commands.o)
                0x0000000000018950                .rsxSetTimeStamp
 .text          0x00000000000189f8        0x0 /usr/local/ps3dev/psl1ght/ppu/lib/librsx.a(mm.o)
 .text.rsxHeapInit
                0x00000000000189f8       0x78 /usr/local/ps3dev/psl1ght/ppu/lib/librsx.a(mm.o)
                0x00000000000189f8                .rsxHeapInit
 .text.rsxMemalign
                0x0000000000018a70       0x58 /usr/local/ps3dev/psl1ght/ppu/lib/librsx.a(mm.o)
                0x0000000000018a70                .rsxMemalign
 .text.rsxMalloc
                0x0000000000018ac8       0x58 /usr/local/ps3dev/psl1ght/ppu/lib/librsx.a(mm.o)
                0x0000000000018ac8                .rsxMalloc
 .text.rsxFree  0x0000000000018b20       0x48 /usr/local/ps3dev/psl1ght/ppu/lib/librsx.a(mm.o)
                0x0000000000018b20                .rsxFree
 .text          0x0000000000018b68        0x0 /usr/local/ps3dev/psl1ght/ppu/lib/librsx.a(vertex_program.o)
 .text.rsxVertexProgramGetUCode
                0x0000000000018b68       0x18 /usr/local/ps3dev/psl1ght/ppu/lib/librsx.a(vertex_program.o)
                0x0000000000018b68                .rsxVertexProgramGetUCode
 .text.rsxVertexProgramGetConsts
                0x0000000000018b80       0x18 /usr/local/ps3dev/psl1ght/ppu/lib/librsx.a(vertex_program.o)
                0x0000000000018b80                .rsxVertexProgramGetConsts
 .text.rsxVertexProgramGetConst
                0x0000000000018b98       0xbc /usr/local/ps3dev/psl1ght/ppu/lib/librsx.a(vertex_program.o)
                0x0000000000018b98                .rsxVertexProgramGetConst
 *fill*         0x0000000000018c54        0x4 60000000
 .text.rsxVertexProgramGetAttribs
                0x0000000000018c58       0x18 /usr/local/ps3dev/psl1ght/ppu/lib/librsx.a(vertex_program.o)
                0x0000000000018c58                .rsxVertexProgramGetAttribs
 .text.rsxVertexProgramGetAttrib
                0x0000000000018c70       0xc8 /usr/local/ps3dev/psl1ght/ppu/lib/librsx.a(vertex_program.o)
                0x0000000000018c70                .rsxVertexProgramGetAttrib
 .text          0x0000000000018d38        0x0 /usr/local/ps3dev/psl1ght/ppu/lib/librsx.a(fragment_program.o)
 .text.rsxFragmentProgramGetUCode
                0x0000000000018d38       0x24 /usr/local/ps3dev/psl1ght/ppu/lib/librsx.a(fragment_program.o)
                0x0000000000018d38                .rsxFragmentProgramGetUCode
 *fill*         0x0000000000018d5c        0x4 60000000
 .text.rsxFragmentProgramGetConsts
                0x0000000000018d60       0x18 /usr/local/ps3dev/psl1ght/ppu/lib/librsx.a(fragment_program.o)
                0x0000000000018d60                .rsxFragmentProgramGetConsts
 .text.rsxFragmentProgramGetConst
                0x0000000000018d78       0xbc /usr/local/ps3dev/psl1ght/ppu/lib/librsx.a(fragment_program.o)
                0x0000000000018d78                .rsxFragmentProgramGetConst
 *fill*         0x0000000000018e34        0x4 60000000
 .text.rsxFragmentProgramGetAttribs
                0x0000000000018e38       0x18 /usr/local/ps3dev/psl1ght/ppu/lib/librsx.a(fragment_program.o)
                0x0000000000018e38                .rsxFragmentProgramGetAttribs
 .text.rsxFragmentProgramGetAttrib
                0x0000000000018e50       0xc8 /usr/local/ps3dev/psl1ght/ppu/lib/librsx.a(fragment_program.o)
                0x0000000000018e50                .rsxFragmentProgramGetAttrib
 .text.rsxFragmentProgramGetConstOffsetTable
                0x0000000000018f18       0x14 /usr/local/ps3dev/psl1ght/ppu/lib/librsx.a(fragment_program.o)
                0x0000000000018f18                .rsxFragmentProgramGetConstOffsetTable
 .text          0x0000000000018f2c        0x0 /usr/local/ps3dev/psl1ght/ppu/lib/libgcm_sys.a(sprx.o)
 .text          0x0000000000018f2c        0x0 /usr/local/ps3dev/psl1ght/ppu/lib/libio.a(sprx.o)
 .text          0x0000000000018f2c        0x0 /usr/local/ps3dev/psl1ght/ppu/lib/libsysutil.a(sprx.o)
 .text          0x0000000000018f2c        0x0 /usr/local/ps3dev/psl1ght/ppu/lib/libsysutil.a(sysutil_wrapper.o)
 *fill*         0x0000000000018f2c        0x4 60000000
 .text.sysUtilRegisterCallback
                0x0000000000018f30       0x34 /usr/local/ps3dev/psl1ght/ppu/lib/libsysutil.a(sysutil_wrapper.o)
                0x0000000000018f30                .sysUtilRegisterCallback
 *fill*         0x0000000000018f64        0x4 60000000
 .text.msgDialogOpen
                0x0000000000018f68       0x34 /usr/local/ps3dev/psl1ght/ppu/lib/libsysutil.a(sysutil_wrapper.o)
                0x0000000000018f68                .msgDialogOpen
 *fill*         0x0000000000018f9c        0x4 60000000
 .text.msgDialogOpen2
                0x0000000000018fa0       0x34 /usr/local/ps3dev/psl1ght/ppu/lib/libsysutil.a(sysutil_wrapper.o)
                0x0000000000018fa0                .msgDialogOpen2
 *fill*         0x0000000000018fd4        0x4 60000000
 .text.msgDialogOpenErrorCode
                0x0000000000018fd8       0x34 /usr/local/ps3dev/psl1ght/ppu/lib/libsysutil.a(sysutil_wrapper.o)
                0x0000000000018fd8                .msgDialogOpenErrorCode
 *fill*         0x000000000001900c        0x4 60000000
 .text.sysSaveListLoad2
                0x0000000000019010       0x3c /usr/local/ps3dev/psl1ght/ppu/lib/libsysutil.a(sysutil_wrapper.o)
                0x0000000000019010                .sysSaveListLoad2
 *fill*         0x000000000001904c        0x4 60000000
 .text.sysSaveListSave2
                0x0000000000019050       0x3c /usr/local/ps3dev/psl1ght/ppu/lib/libsysutil.a(sysutil_wrapper.o)
                0x0000000000019050                .sysSaveListSave2
 *fill*         0x000000000001908c        0x4 60000000
 .text.sysSaveListAutoLoad
                0x0000000000019090       0x44 /usr/local/ps3dev/psl1ght/ppu/lib/libsysutil.a(sysutil_wrapper.o)
                0x0000000000019090                .sysSaveListAutoLoad
 *fill*         0x00000000000190d4        0x4 60000000
 .text.sysSaveListAutoSave
                0x00000000000190d8       0x44 /usr/local/ps3dev/psl1ght/ppu/lib/libsysutil.a(sysutil_wrapper.o)
                0x00000000000190d8                .sysSaveListAutoSave
 *fill*         0x000000000001911c        0x4 60000000
 .text.sysSaveFixedLoad2
                0x0000000000019120       0x3c /usr/local/ps3dev/psl1ght/ppu/lib/libsysutil.a(sysutil_wrapper.o)
                0x0000000000019120                .sysSaveFixedLoad2
 *fill*         0x000000000001915c        0x4 60000000
 .text.sysSaveFixedSave2
                0x0000000000019160       0x3c /usr/local/ps3dev/psl1ght/ppu/lib/libsysutil.a(sysutil_wrapper.o)
                0x0000000000019160                .sysSaveFixedSave2
 *fill*         0x000000000001919c        0x4 60000000
 .text.sysSaveAutoLoad2
                0x00000000000191a0       0x38 /usr/local/ps3dev/psl1ght/ppu/lib/libsysutil.a(sysutil_wrapper.o)
                0x00000000000191a0                .sysSaveAutoLoad2
 .text.sysSaveAutoSave2
                0x00000000000191d8       0x38 /usr/local/ps3dev/psl1ght/ppu/lib/libsysutil.a(sysutil_wrapper.o)
                0x00000000000191d8                .sysSaveAutoSave2
 .text.sysGameThemeInstallFromBuffer
                0x0000000000019210       0x34 /usr/local/ps3dev/psl1ght/ppu/lib/libsysutil.a(sysutil_wrapper.o)
                0x0000000000019210                .sysGameThemeInstallFromBuffer
 *fill*         0x0000000000019244        0x4 60000000
 .text.sysDiscRegisterDiscChangeCallback
                0x0000000000019248       0x38 /usr/local/ps3dev/psl1ght/ppu/lib/libsysutil.a(sysutil_wrapper.o)
                0x0000000000019248                .sysDiscRegisterDiscChangeCallback
 .text.sysGameDiscRegisterDiscChangeCallback
                0x0000000000019280       0x10 /usr/local/ps3dev/psl1ght/ppu/lib/libsysutil.a(sysutil_wrapper.o)
                0x0000000000019280                .sysGameDiscRegisterDiscChangeCallback
 .text          0x0000000000019290        0x0 /usr/local/ps3dev/psl1ght/ppu/lib/librt.a(sbrk.o)
 .text.startup.sbrk_init
                0x0000000000019290       0xb8 /usr/local/ps3dev/psl1ght/ppu/lib/librt.a(sbrk.o)
 .text.sbrk_deinit
                0x0000000000019348       0xc8 /usr/local/ps3dev/psl1ght/ppu/lib/librt.a(sbrk.o)
 .text.__librt_sbrk_r
                0x0000000000019410      0x2f4 /usr/local/ps3dev/psl1ght/ppu/lib/librt.a(sbrk.o)
                0x0000000000019410                .__librt_sbrk_r
 .text          0x0000000000019704        0x0 /usr/local/ps3dev/psl1ght/ppu/lib/librt.a(exit.o)
 *fill*         0x0000000000019704        0x4 60000000
 .text.__librt_exit
                0x0000000000019708       0x30 /usr/local/ps3dev/psl1ght/ppu/lib/librt.a(exit.o)
                0x0000000000019708                .__librt_exit
 .text          0x0000000000019738        0x0 /usr/local/ps3dev/psl1ght/ppu/lib/librt.a(close.o)
 .text.__librt_close_r
                0x0000000000019738       0x88 /usr/local/ps3dev/psl1ght/ppu/lib/librt.a(close.o)
                0x0000000000019738                .__librt_close_r
 .text          0x00000000000197c0        0x0 /usr/local/ps3dev/psl1ght/ppu/lib/librt.a(lseek.o)
 .text.__librt_lseek_r
                0x00000000000197c0       0x8c /usr/local/ps3dev/psl1ght/ppu/lib/librt.a(lseek.o)
                0x00000000000197c0                .__librt_lseek_r
 *fill*         0x000000000001984c        0x4 60000000
 .text.__librt_lseek64_r
                0x0000000000019850       0x10 /usr/local/ps3dev/psl1ght/ppu/lib/librt.a(lseek.o)
                0x0000000000019850                .__librt_lseek64_r
 .text          0x0000000000019860        0x0 /usr/local/ps3dev/psl1ght/ppu/lib/librt.a(read.o)
 .text.__librt_read_r
                0x0000000000019860      0x10c /usr/local/ps3dev/psl1ght/ppu/lib/librt.a(read.o)
                0x0000000000019860                .__librt_read_r
 .text          0x000000000001996c        0x0 /usr/local/ps3dev/psl1ght/ppu/lib/librt.a(open.o)
 *fill*         0x000000000001996c        0x4 60000000
 .text.__librt_open_r
                0x0000000000019970      0x180 /usr/local/ps3dev/psl1ght/ppu/lib/librt.a(open.o)
                0x0000000000019970                .__librt_open_r
 .text          0x0000000000019af0        0x0 /usr/local/ps3dev/psl1ght/ppu/lib/librt.a(sleep.o)
 .text.__librt_usleep_r
                0x0000000000019af0       0x50 /usr/local/ps3dev/psl1ght/ppu/lib/librt.a(sleep.o)
                0x0000000000019af0                .__librt_usleep_r
 .text.__librt_sleep_r
                0x0000000000019b40       0x6c /usr/local/ps3dev/psl1ght/ppu/lib/librt.a(sleep.o)
                0x0000000000019b40                .__librt_sleep_r
 .text          0x0000000000019bac        0x0 /usr/local/ps3dev/psl1ght/ppu/lib/librt.a(write.o)
 *fill*         0x0000000000019bac        0x4 60000000
 .text.__librt_write_r
                0x0000000000019bb0      0x104 /usr/local/ps3dev/psl1ght/ppu/lib/librt.a(write.o)
                0x0000000000019bb0                .__librt_write_r
 .text          0x0000000000019cb4        0x0 /usr/local/ps3dev/psl1ght/ppu/lib/librt.a(fstat.o)
 *fill*         0x0000000000019cb4        0x4 60000000
 .text.__librt_fstat_r
                0x0000000000019cb8       0xd0 /usr/local/ps3dev/psl1ght/ppu/lib/librt.a(fstat.o)
                0x0000000000019cb8                .__librt_fstat_r
 .text.__librt_fstat64_r
                0x0000000000019d88       0x10 /usr/local/ps3dev/psl1ght/ppu/lib/librt.a(fstat.o)
                0x0000000000019d88                .__librt_fstat64_r
 .text.__librt_stat_r
                0x0000000000019d98       0xd0 /usr/local/ps3dev/psl1ght/ppu/lib/librt.a(fstat.o)
                0x0000000000019d98                .__librt_stat_r
 .text.__librt_stat64_r
                0x0000000000019e68       0x10 /usr/local/ps3dev/psl1ght/ppu/lib/librt.a(fstat.o)
                0x0000000000019e68                .__librt_stat64_r
 .text          0x0000000000019e78        0x0 /usr/local/ps3dev/psl1ght/ppu/lib/librt.a(socket.o)
 .text.accept   0x0000000000019e78       0xe0 /usr/local/ps3dev/psl1ght/ppu/lib/librt.a(socket.o)
                0x0000000000019e78                .accept
 .text.bind     0x0000000000019f58       0x44 /usr/local/ps3dev/psl1ght/ppu/lib/librt.a(socket.o)
                0x0000000000019f58                .bind
 *fill*         0x0000000000019f9c        0x4 60000000
 .text.connect  0x0000000000019fa0       0x44 /usr/local/ps3dev/psl1ght/ppu/lib/librt.a(socket.o)
                0x0000000000019fa0                .connect
 *fill*         0x0000000000019fe4        0x4 60000000
 .text.listen   0x0000000000019fe8       0x44 /usr/local/ps3dev/psl1ght/ppu/lib/librt.a(socket.o)
                0x0000000000019fe8                .listen
 *fill*         0x000000000001a02c        0x4 60000000
 .text.socket   0x000000000001a030       0x5c /usr/local/ps3dev/psl1ght/ppu/lib/librt.a(socket.o)
                0x000000000001a030                .socket
 *fill*         0x000000000001a08c        0x4 60000000
 .text.send     0x000000000001a090       0x4c /usr/local/ps3dev/psl1ght/ppu/lib/librt.a(socket.o)
                0x000000000001a090                .send
 *fill*         0x000000000001a0dc        0x4 60000000
 .text.sendto   0x000000000001a0e0       0x44 /usr/local/ps3dev/psl1ght/ppu/lib/librt.a(socket.o)
                0x000000000001a0e0                .sendto
 *fill*         0x000000000001a124        0x4 60000000
 .text.recv     0x000000000001a128       0x4c /usr/local/ps3dev/psl1ght/ppu/lib/librt.a(socket.o)
                0x000000000001a128                .recv
 *fill*         0x000000000001a174        0x4 60000000
 .text.recvfrom
                0x000000000001a178       0xd8 /usr/local/ps3dev/psl1ght/ppu/lib/librt.a(socket.o)
                0x000000000001a178                .recvfrom
 .text.shutdown
                0x000000000001a250       0x44 /usr/local/ps3dev/psl1ght/ppu/lib/librt.a(socket.o)
                0x000000000001a250                .shutdown
 *fill*         0x000000000001a294        0x4 60000000
 .text.inet_aton
                0x000000000001a298       0xbc /usr/local/ps3dev/psl1ght/ppu/lib/librt.a(socket.o)
                0x000000000001a298                .inet_aton
 *fill*         0x000000000001a354        0x4 60000000
 .text.inet_pton
                0x000000000001a358       0x48 /usr/local/ps3dev/psl1ght/ppu/lib/librt.a(socket.o)
                0x000000000001a358                .inet_pton
 .text.select   0x000000000001a3a0       0x3c /usr/local/ps3dev/psl1ght/ppu/lib/librt.a(socket.o)
                0x000000000001a3a0                .select
 *fill*         0x000000000001a3dc        0x4 60000000
 .text.closesocket
                0x000000000001a3e0       0x44 /usr/local/ps3dev/psl1ght/ppu/lib/librt.a(socket.o)
                0x000000000001a3e0                .closesocket
 .text          0x000000000001a424        0x0 /usr/local/ps3dev/psl1ght/ppu/lib/librt.a(lock.o)
 *fill*         0x000000000001a424        0x4 60000000
 .text.__librt_sys_lwmutex_create_r
                0x000000000001a428       0x38 /usr/local/ps3dev/psl1ght/ppu/lib/librt.a(lock.o)
                0x000000000001a428                .__librt_sys_lwmutex_create_r
 .text.__librt_sys_lwmutex_destroy_r
                0x000000000001a460       0x34 /usr/local/ps3dev/psl1ght/ppu/lib/librt.a(lock.o)
                0x000000000001a460                .__librt_sys_lwmutex_destroy_r
 *fill*         0x000000000001a494        0x4 60000000
 .text.__librt_sys_lwmutex_lock_r
                0x000000000001a498       0x38 /usr/local/ps3dev/psl1ght/ppu/lib/librt.a(lock.o)
                0x000000000001a498                .__librt_sys_lwmutex_lock_r
 .text.__librt_sys_lwmutex_trylock_r
                0x000000000001a4d0       0x34 /usr/local/ps3dev/psl1ght/ppu/lib/librt.a(lock.o)
                0x000000000001a4d0                .__librt_sys_lwmutex_trylock_r
 *fill*         0x000000000001a504        0x4 60000000
 .text.__librt_sys_lwmutex_unlock_r
                0x000000000001a508       0x34 /usr/local/ps3dev/psl1ght/ppu/lib/librt.a(lock.o)
                0x000000000001a508                .__librt_sys_lwmutex_unlock_r
 .text          0x000000000001a53c        0x0 /usr/local/ps3dev/psl1ght/ppu/lib/librt.a(dirent.o)
 *fill*         0x000000000001a53c        0x4 60000000
 .text.readdir_i
                0x000000000001a540      0x10c /usr/local/ps3dev/psl1ght/ppu/lib/librt.a(dirent.o)
 *fill*         0x000000000001a64c        0x4 60000000
 .text.__librt_opendir_r
                0x000000000001a650      0x114 /usr/local/ps3dev/psl1ght/ppu/lib/librt.a(dirent.o)
                0x000000000001a650                .__librt_opendir_r
 *fill*         0x000000000001a764        0x4 60000000
 .text.__librt_readdir_r
                0x000000000001a768       0x84 /usr/local/ps3dev/psl1ght/ppu/lib/librt.a(dirent.o)
                0x000000000001a768                .__librt_readdir_r
 *fill*         0x000000000001a7ec        0x4 60000000
 .text.__librt_readdir_r_r
                0x000000000001a7f0       0x58 /usr/local/ps3dev/psl1ght/ppu/lib/librt.a(dirent.o)
                0x000000000001a7f0                .__librt_readdir_r_r
 .text.__librt_closedir_r
                0x000000000001a848       0x84 /usr/local/ps3dev/psl1ght/ppu/lib/librt.a(dirent.o)
                0x000000000001a848                .__librt_closedir_r
 *fill*         0x000000000001a8cc        0x4 60000000
 .text.__librt_telldir_r
                0x000000000001a8d0       0x24 /usr/local/ps3dev/psl1ght/ppu/lib/librt.a(dirent.o)
                0x000000000001a8d0                .__librt_telldir_r
 *fill*         0x000000000001a8f4        0x4 60000000
 .text.__librt_rewinddir_r
                0x000000000001a8f8       0x18 /usr/local/ps3dev/psl1ght/ppu/lib/librt.a(dirent.o)
                0x000000000001a8f8                .__librt_rewinddir_r
 .text.__librt_seekdir_r
                0x000000000001a910       0x18 /usr/local/ps3dev/psl1ght/ppu/lib/librt.a(dirent.o)
                0x000000000001a910                .__librt_seekdir_r
 .text          0x000000000001a928        0x0 /usr/local/ps3dev/psl1ght/ppu/lib/librt.a(mkdir.o)
 .text.__librt_mkdir_r
                0x000000000001a928       0x60 /usr/local/ps3dev/psl1ght/ppu/lib/librt.a(mkdir.o)
                0x000000000001a928                .__librt_mkdir_r
 .text          0x000000000001a988        0x0 /usr/local/ps3dev/psl1ght/ppu/lib/librt.a(times.o)
 .text.__librt_times_r
                0x000000000001a988       0x1c /usr/local/ps3dev/psl1ght/ppu/lib/librt.a(times.o)
                0x000000000001a988                .__librt_times_r
 .text          0x000000000001a9a4        0x0 /usr/local/ps3dev/psl1ght/ppu/lib/librt.a(umask.o)
 *fill*         0x000000000001a9a4        0x4 60000000
 .text.__librt_umask_r
                0x000000000001a9a8       0x20 /usr/local/ps3dev/psl1ght/ppu/lib/librt.a(umask.o)
                0x000000000001a9a8                .__librt_umask_r
 .text          0x000000000001a9c8        0x0 /usr/local/ps3dev/psl1ght/ppu/lib/librt.a(lv2errno.o)
 .text.lv2error
                0x000000000001a9c8      0x434 /usr/local/ps3dev/psl1ght/ppu/lib/librt.a(lv2errno.o)
                0x000000000001a9c8                .lv2error
 *fill*         0x000000000001adfc        0x4 60000000
 .text.lv2errno
                0x000000000001ae00       0x68 /usr/local/ps3dev/psl1ght/ppu/lib/librt.a(lv2errno.o)
                0x000000000001ae00                .lv2errno
 .text.lv2errno_r
                0x000000000001ae68       0x58 /usr/local/ps3dev/psl1ght/ppu/lib/librt.a(lv2errno.o)
                0x000000000001ae68                .lv2errno_r
 .text          0x000000000001aec0        0x0 /usr/local/ps3dev/psl1ght/ppu/lib/librt.a(heap.o)
 .text.heapInit
                0x000000000001aec0      0x118 /usr/local/ps3dev/psl1ght/ppu/lib/librt.a(heap.o)
                0x000000000001aec0                .heapInit
 .text.heapAllocate
                0x000000000001afd8      0x184 /usr/local/ps3dev/psl1ght/ppu/lib/librt.a(heap.o)
                0x000000000001afd8                .heapAllocate
 *fill*         0x000000000001b15c        0x4 60000000
 .text.heapAllocateAligned
                0x000000000001b160      0x224 /usr/local/ps3dev/psl1ght/ppu/lib/librt.a(heap.o)
                0x000000000001b160                .heapAllocateAligned
 *fill*         0x000000000001b384        0x4 60000000
 .text.heapFree
                0x000000000001b388      0x238 /usr/local/ps3dev/psl1ght/ppu/lib/librt.a(heap.o)
                0x000000000001b388                .heapFree
 .text          0x000000000001b5c0        0x0 /usr/local/ps3dev/psl1ght/ppu/lib/librt.a(chmod.o)
 .text.__librt_chmod_r
                0x000000000001b5c0       0x54 /usr/local/ps3dev/psl1ght/ppu/lib/librt.a(chmod.o)
                0x000000000001b5c0                .__librt_chmod_r
 .text          0x000000000001b614        0x0 /usr/local/ps3dev/psl1ght/ppu/lib/librt.a(rmdir.o)
 *fill*         0x000000000001b614        0x4 60000000
 .text.__librt_rmdir_r
                0x000000000001b618       0x50 /usr/local/ps3dev/psl1ght/ppu/lib/librt.a(rmdir.o)
                0x000000000001b618                .__librt_rmdir_r
 .text          0x000000000001b668        0x0 /usr/local/ps3dev/psl1ght/ppu/lib/librt.a(isatty.o)
 .text.__librt_isatty_r
                0x000000000001b668       0x2c /usr/local/ps3dev/psl1ght/ppu/lib/librt.a(isatty.o)
                0x000000000001b668                .__librt_isatty_r
 .text          0x000000000001b694        0x0 /usr/local/ps3dev/psl1ght/ppu/lib/librt.a(gettod.o)
 *fill*         0x000000000001b694        0x4 60000000
 .text.__librt_gettod_r
                0x000000000001b698       0xb8 /usr/local/ps3dev/psl1ght/ppu/lib/librt.a(gettod.o)
                0x000000000001b698                .__librt_gettod_r
 .text          0x000000000001b750        0x0 /usr/local/ps3dev/psl1ght/ppu/lib/librt.a(settod.o)
 .text.__librt_settod_r
                0x000000000001b750       0x58 /usr/local/ps3dev/psl1ght/ppu/lib/librt.a(settod.o)
                0x000000000001b750                .__librt_settod_r
 .text          0x000000000001b7a8        0x0 /usr/local/ps3dev/psl1ght/ppu/lib/liblv2.a(sprx.o)
 .text          0x000000000001b7a8        0x0 /usr/local/ps3dev/ppu/lib/gcc/powerpc64-ps3-elf/7.2.0/../../../../powerpc64-ps3-elf/lib/libstdc++.a(class_type_info.o)
 .text._ZNK10__cxxabiv117__class_type_info11__do_upcastEPKS0_PPv
                0x000000000001b7a8       0x98 /usr/local/ps3dev/ppu/lib/gcc/powerpc64-ps3-elf/7.2.0/../../../../powerpc64-ps3-elf/lib/libstdc++.a(class_type_info.o)
                0x000000000001b7a8                ._ZNK10__cxxabiv117__class_type_info11__do_upcastEPKS0_PPv
 .text._ZNK10__cxxabiv117__class_type_info20__do_find_public_srcElPKvPKS0_S2_
                0x000000000001b840       0x24 /usr/local/ps3dev/ppu/lib/gcc/powerpc64-ps3-elf/7.2.0/../../../../powerpc64-ps3-elf/lib/libstdc++.a(class_type_info.o)
                0x000000000001b840                ._ZNK10__cxxabiv117__class_type_info20__do_find_public_srcElPKvPKS0_S2_
 *fill*         0x000000000001b864        0x4 60000000
 .text._ZN10__cxxabiv117__class_type_infoD2Ev
                0x000000000001b868       0x38 /usr/local/ps3dev/ppu/lib/gcc/powerpc64-ps3-elf/7.2.0/../../../../powerpc64-ps3-elf/lib/libstdc++.a(class_type_info.o)
                0x000000000001b868                ._ZN10__cxxabiv117__class_type_infoD1Ev
                0x000000000001b868                ._ZN10__cxxabiv117__class_type_infoD2Ev
 .text._ZN10__cxxabiv117__class_type_infoD0Ev
                0x000000000001b8a0       0x54 /usr/local/ps3dev/ppu/lib/gcc/powerpc64-ps3-elf/7.2.0/../../../../powerpc64-ps3-elf/lib/libstdc++.a(class_type_info.o)
                0x000000000001b8a0                ._ZN10__cxxabiv117__class_type_infoD0Ev
 *fill*         0x000000000001b8f4        0x4 60000000
 .text._ZNK10__cxxabiv117__class_type_info12__do_dyncastElNS0_10__sub_kindEPKS0_PKvS3_S5_RNS0_16__dyncast_resultE
                0x000000000001b8f8      0x134 /usr/local/ps3dev/ppu/lib/gcc/powerpc64-ps3-elf/7.2.0/../../../../powerpc64-ps3-elf/lib/libstdc++.a(class_type_info.o)
                0x000000000001b8f8                ._ZNK10__cxxabiv117__class_type_info12__do_dyncastElNS0_10__sub_kindEPKS0_PKvS3_S5_RNS0_16__dyncast_resultE
 *fill*         0x000000000001ba2c        0x4 60000000
 .text._ZNK10__cxxabiv117__class_type_info11__do_upcastEPKS0_PKvRNS0_15__upcast_resultE
                0x000000000001ba30       0x8c /usr/local/ps3dev/ppu/lib/gcc/powerpc64-ps3-elf/7.2.0/../../../../powerpc64-ps3-elf/lib/libstdc++.a(class_type_info.o)
                0x000000000001ba30                ._ZNK10__cxxabiv117__class_type_info11__do_upcastEPKS0_PKvRNS0_15__upcast_resultE
 *fill*         0x000000000001babc        0x4 60000000
 .text._ZNK10__cxxabiv117__class_type_info10__do_catchEPKSt9type_infoPPvj
                0x000000000001bac0       0xfc /usr/local/ps3dev/ppu/lib/gcc/powerpc64-ps3-elf/7.2.0/../../../../powerpc64-ps3-elf/lib/libstdc++.a(class_type_info.o)
                0x000000000001bac0                ._ZNK10__cxxabiv117__class_type_info10__do_catchEPKSt9type_infoPPvj
 .text          0x000000000001bbbc        0x0 /usr/local/ps3dev/ppu/lib/gcc/powerpc64-ps3-elf/7.2.0/../../../../powerpc64-ps3-elf/lib/libstdc++.a(del_op.o)
 *fill*         0x000000000001bbbc        0x4 60000000
 .text._ZdlPv   0x000000000001bbc0       0x30 /usr/local/ps3dev/ppu/lib/gcc/powerpc64-ps3-elf/7.2.0/../../../../powerpc64-ps3-elf/lib/libstdc++.a(del_op.o)
                0x000000000001bbc0                ._ZdlPv
 .text          0x000000000001bbf0        0x0 /usr/local/ps3dev/ppu/lib/gcc/powerpc64-ps3-elf/7.2.0/../../../../powerpc64-ps3-elf/lib/libstdc++.a(del_ops.o)
 .text._ZdlPvm  0x000000000001bbf0       0x30 /usr/local/ps3dev/ppu/lib/gcc/powerpc64-ps3-elf/7.2.0/../../../../powerpc64-ps3-elf/lib/libstdc++.a(del_ops.o)
                0x000000000001bbf0                ._ZdlPvm
 .text          0x000000000001bc20        0x0 /usr/local/ps3dev/ppu/lib/gcc/powerpc64-ps3-elf/7.2.0/../../../../powerpc64-ps3-elf/lib/libstdc++.a(eh_personality.o)
 .text._ZL16get_adjusted_ptrPKSt9type_infoS1_PPv
                0x000000000001bc20       0xcc /usr/local/ps3dev/ppu/lib/gcc/powerpc64-ps3-elf/7.2.0/../../../../powerpc64-ps3-elf/lib/libstdc++.a(eh_personality.o)
 *fill*         0x000000000001bcec        0x4 60000000
 .text._ZL28read_encoded_value_with_basehmPKhPm
                0x000000000001bcf0      0x1c8 /usr/local/ps3dev/ppu/lib/gcc/powerpc64-ps3-elf/7.2.0/../../../../powerpc64-ps3-elf/lib/libstdc++.a(eh_personality.o)
 .text._ZL15get_ttype_entryP16lsda_header_infom
                0x000000000001beb8      0x11c /usr/local/ps3dev/ppu/lib/gcc/powerpc64-ps3-elf/7.2.0/../../../../powerpc64-ps3-elf/lib/libstdc++.a(eh_personality.o)
 *fill*         0x000000000001bfd4        0x4 60000000
 .text._ZL20check_exception_specP16lsda_header_infoPKSt9type_infoPvl
                0x000000000001bfd8       0xe0 /usr/local/ps3dev/ppu/lib/gcc/powerpc64-ps3-elf/7.2.0/../../../../powerpc64-ps3-elf/lib/libstdc++.a(eh_personality.o)
 .text._ZL21base_of_encoded_valuehP15_Unwind_Context.part.3
                0x000000000001c0b8       0xec /usr/local/ps3dev/ppu/lib/gcc/powerpc64-ps3-elf/7.2.0/../../../../powerpc64-ps3-elf/lib/libstdc++.a(eh_personality.o)
 *fill*         0x000000000001c1a4        0x4 60000000
 .text._ZL17parse_lsda_headerP15_Unwind_ContextPKhP16lsda_header_info
                0x000000000001c1a8      0x160 /usr/local/ps3dev/ppu/lib/gcc/powerpc64-ps3-elf/7.2.0/../../../../powerpc64-ps3-elf/lib/libstdc++.a(eh_personality.o)
 .text.__gxx_personality_v0
                0x000000000001c308      0x724 /usr/local/ps3dev/ppu/lib/gcc/powerpc64-ps3-elf/7.2.0/../../../../powerpc64-ps3-elf/lib/libstdc++.a(eh_personality.o)
                0x000000000001c308                .__gxx_personality_v0
 *fill*         0x000000000001ca2c        0x4 60000000
 .text.__cxa_call_unexpected
                0x000000000001ca30      0x128 /usr/local/ps3dev/ppu/lib/gcc/powerpc64-ps3-elf/7.2.0/../../../../powerpc64-ps3-elf/lib/libstdc++.a(eh_personality.o)
                0x000000000001ca30                .__cxa_call_unexpected
 .text          0x000000000001cb58        0x0 /usr/local/ps3dev/ppu/lib/gcc/powerpc64-ps3-elf/7.2.0/../../../../powerpc64-ps3-elf/lib/libstdc++.a(eh_terminate.o)
 .text._ZN10__cxxabiv111__terminateEPFvvE
                0x000000000001cb58       0x7c /usr/local/ps3dev/ppu/lib/gcc/powerpc64-ps3-elf/7.2.0/../../../../powerpc64-ps3-elf/lib/libstdc++.a(eh_terminate.o)
                0x000000000001cb58                ._ZN10__cxxabiv111__terminateEPFvvE
 *fill*         0x000000000001cbd4        0x4 60000000
 .text._ZSt9terminatev
                0x000000000001cbd8       0x30 /usr/local/ps3dev/ppu/lib/gcc/powerpc64-ps3-elf/7.2.0/../../../../powerpc64-ps3-elf/lib/libstdc++.a(eh_terminate.o)
                0x000000000001cbd8                ._ZSt9terminatev
 .text._ZN10__cxxabiv112__unexpectedEPFvvE
                0x000000000001cc08       0x38 /usr/local/ps3dev/ppu/lib/gcc/powerpc64-ps3-elf/7.2.0/../../../../powerpc64-ps3-elf/lib/libstdc++.a(eh_terminate.o)
                0x000000000001cc08                ._ZN10__cxxabiv112__unexpectedEPFvvE
 .text._ZSt10unexpectedv
                0x000000000001cc40       0x30 /usr/local/ps3dev/ppu/lib/gcc/powerpc64-ps3-elf/7.2.0/../../../../powerpc64-ps3-elf/lib/libstdc++.a(eh_terminate.o)
                0x000000000001cc40                ._ZSt10unexpectedv
 .text._ZSt13set_terminatePFvvE
                0x000000000001cc70       0x2c /usr/local/ps3dev/ppu/lib/gcc/powerpc64-ps3-elf/7.2.0/../../../../powerpc64-ps3-elf/lib/libstdc++.a(eh_terminate.o)
                0x000000000001cc70                ._ZSt13set_terminatePFvvE
 *fill*         0x000000000001cc9c        0x4 60000000
 .text._ZSt13get_terminatev
                0x000000000001cca0       0x24 /usr/local/ps3dev/ppu/lib/gcc/powerpc64-ps3-elf/7.2.0/../../../../powerpc64-ps3-elf/lib/libstdc++.a(eh_terminate.o)
                0x000000000001cca0                ._ZSt13get_terminatev
 *fill*         0x000000000001ccc4        0x4 60000000
 .text._ZSt14set_unexpectedPFvvE
                0x000000000001ccc8       0x2c /usr/local/ps3dev/ppu/lib/gcc/powerpc64-ps3-elf/7.2.0/../../../../powerpc64-ps3-elf/lib/libstdc++.a(eh_terminate.o)
                0x000000000001ccc8                ._ZSt14set_unexpectedPFvvE
 *fill*         0x000000000001ccf4        0x4 60000000
 .text._ZSt14get_unexpectedv
                0x000000000001ccf8       0x24 /usr/local/ps3dev/ppu/lib/gcc/powerpc64-ps3-elf/7.2.0/../../../../powerpc64-ps3-elf/lib/libstdc++.a(eh_terminate.o)
                0x000000000001ccf8                ._ZSt14get_unexpectedv
 .text          0x000000000001cd1c        0x0 /usr/local/ps3dev/ppu/lib/gcc/powerpc64-ps3-elf/7.2.0/../../../../powerpc64-ps3-elf/lib/libstdc++.a(eh_term_handler.o)
 .text          0x000000000001cd1c        0x0 /usr/local/ps3dev/ppu/lib/gcc/powerpc64-ps3-elf/7.2.0/../../../../powerpc64-ps3-elf/lib/libstdc++.a(eh_throw.o)
 *fill*         0x000000000001cd1c        0x4 60000000
 .text._ZL23__gxx_exception_cleanup19_Unwind_Reason_CodeP17_Unwind_Exception
                0x000000000001cd20       0xb0 /usr/local/ps3dev/ppu/lib/gcc/powerpc64-ps3-elf/7.2.0/../../../../powerpc64-ps3-elf/lib/libstdc++.a(eh_throw.o)
 .text.__cxa_init_primary_exception
                0x000000000001cdd0       0x80 /usr/local/ps3dev/ppu/lib/gcc/powerpc64-ps3-elf/7.2.0/../../../../powerpc64-ps3-elf/lib/libstdc++.a(eh_throw.o)
                0x000000000001cdd0                .__cxa_init_primary_exception
 .text.__cxa_throw
                0x000000000001ce50       0xbc /usr/local/ps3dev/ppu/lib/gcc/powerpc64-ps3-elf/7.2.0/../../../../powerpc64-ps3-elf/lib/libstdc++.a(eh_throw.o)
                0x000000000001ce50                .__cxa_throw
 *fill*         0x000000000001cf0c        0x4 60000000
 .text.__cxa_rethrow
                0x000000000001cf10       0x9c /usr/local/ps3dev/ppu/lib/gcc/powerpc64-ps3-elf/7.2.0/../../../../powerpc64-ps3-elf/lib/libstdc++.a(eh_throw.o)
                0x000000000001cf10                .__cxa_rethrow
 .text          0x000000000001cfac        0x0 /usr/local/ps3dev/ppu/lib/gcc/powerpc64-ps3-elf/7.2.0/../../../../powerpc64-ps3-elf/lib/libstdc++.a(eh_unex_handler.o)
 .text          0x000000000001cfac        0x0 /usr/local/ps3dev/ppu/lib/gcc/powerpc64-ps3-elf/7.2.0/../../../../powerpc64-ps3-elf/lib/libstdc++.a(new_op.o)
 *fill*         0x000000000001cfac        0x4 60000000
 .text._Znwm    0x000000000001cfb0       0xa8 /usr/local/ps3dev/ppu/lib/gcc/powerpc64-ps3-elf/7.2.0/../../../../powerpc64-ps3-elf/lib/libstdc++.a(new_op.o)
                0x000000000001cfb0                ._Znwm
 .text          0x000000000001d058        0x0 /usr/local/ps3dev/ppu/lib/gcc/powerpc64-ps3-elf/7.2.0/../../../../powerpc64-ps3-elf/lib/libstdc++.a(si_class_type_info.o)
 .text._ZN10__cxxabiv120__si_class_type_infoD2Ev
                0x000000000001d058       0x38 /usr/local/ps3dev/ppu/lib/gcc/powerpc64-ps3-elf/7.2.0/../../../../powerpc64-ps3-elf/lib/libstdc++.a(si_class_type_info.o)
                0x000000000001d058                ._ZN10__cxxabiv120__si_class_type_infoD2Ev
                0x000000000001d058                ._ZN10__cxxabiv120__si_class_type_infoD1Ev
 .text._ZN10__cxxabiv120__si_class_type_infoD0Ev
                0x000000000001d090       0x54 /usr/local/ps3dev/ppu/lib/gcc/powerpc64-ps3-elf/7.2.0/../../../../powerpc64-ps3-elf/lib/libstdc++.a(si_class_type_info.o)
                0x000000000001d090                ._ZN10__cxxabiv120__si_class_type_infoD0Ev
 *fill*         0x000000000001d0e4        0x4 60000000
 .text._ZNK10__cxxabiv120__si_class_type_info20__do_find_public_srcElPKvPKNS_17__class_type_infoES2_
                0x000000000001d0e8       0xd4 /usr/local/ps3dev/ppu/lib/gcc/powerpc64-ps3-elf/7.2.0/../../../../powerpc64-ps3-elf/lib/libstdc++.a(si_class_type_info.o)
                0x000000000001d0e8                ._ZNK10__cxxabiv120__si_class_type_info20__do_find_public_srcElPKvPKNS_17__class_type_infoES2_
 *fill*         0x000000000001d1bc        0x4 60000000
 .text._ZNK10__cxxabiv120__si_class_type_info12__do_dyncastElNS_17__class_type_info10__sub_kindEPKS1_PKvS4_S6_RNS1_16__dyncast_resultE
                0x000000000001d1c0      0x1cc /usr/local/ps3dev/ppu/lib/gcc/powerpc64-ps3-elf/7.2.0/../../../../powerpc64-ps3-elf/lib/libstdc++.a(si_class_type_info.o)
                0x000000000001d1c0                ._ZNK10__cxxabiv120__si_class_type_info12__do_dyncastElNS_17__class_type_info10__sub_kindEPKS1_PKvS4_S6_RNS1_16__dyncast_resultE
 *fill*         0x000000000001d38c        0x4 60000000
 .text._ZNK10__cxxabiv120__si_class_type_info11__do_upcastEPKNS_17__class_type_infoEPKvRNS1_15__upcast_resultE
                0x000000000001d390       0xa0 /usr/local/ps3dev/ppu/lib/gcc/powerpc64-ps3-elf/7.2.0/../../../../powerpc64-ps3-elf/lib/libstdc++.a(si_class_type_info.o)
                0x000000000001d390                ._ZNK10__cxxabiv120__si_class_type_info11__do_upcastEPKNS_17__class_type_infoEPKvRNS1_15__upcast_resultE
 .text          0x000000000001d430        0x0 /usr/local/ps3dev/ppu/lib/gcc/powerpc64-ps3-elf/7.2.0/../../../../powerpc64-ps3-elf/lib/libstdc++.a(tinfo.o)
 .text._ZNSt9type_infoD2Ev
                0x000000000001d430       0x10 /usr/local/ps3dev/ppu/lib/gcc/powerpc64-ps3-elf/7.2.0/../../../../powerpc64-ps3-elf/lib/libstdc++.a(tinfo.o)
                0x000000000001d430                ._ZNSt9type_infoD1Ev
                0x000000000001d430                ._ZNSt9type_infoD2Ev
 .text._ZNKSt9type_info14__is_pointer_pEv
                0x000000000001d440       0x14 /usr/local/ps3dev/ppu/lib/gcc/powerpc64-ps3-elf/7.2.0/../../../../powerpc64-ps3-elf/lib/libstdc++.a(tinfo.o)
                0x000000000001d440                ._ZNKSt9type_info14__is_pointer_pEv
                0x000000000001d440                ._ZNKSt9type_info15__is_function_pEv
 *fill*         0x000000000001d454        0x4 60000000
 .text._ZNKSt9type_info11__do_upcastEPKN10__cxxabiv117__class_type_infoEPPv
                0x000000000001d458       0x14 /usr/local/ps3dev/ppu/lib/gcc/powerpc64-ps3-elf/7.2.0/../../../../powerpc64-ps3-elf/lib/libstdc++.a(tinfo.o)
                0x000000000001d458                ._ZNKSt9type_info11__do_upcastEPKN10__cxxabiv117__class_type_infoEPPv
 *fill*         0x000000000001d46c        0x4 60000000
 .text._ZNSt9type_infoD0Ev
                0x000000000001d470       0x34 /usr/local/ps3dev/ppu/lib/gcc/powerpc64-ps3-elf/7.2.0/../../../../powerpc64-ps3-elf/lib/libstdc++.a(tinfo.o)
                0x000000000001d470                ._ZNSt9type_infoD0Ev
 *fill*         0x000000000001d4a4        0x4 60000000
 .text._ZNKSt9type_info10__do_catchEPKS_PPvj
                0x000000000001d4a8       0x64 /usr/local/ps3dev/ppu/lib/gcc/powerpc64-ps3-elf/7.2.0/../../../../powerpc64-ps3-elf/lib/libstdc++.a(tinfo.o)
                0x000000000001d4a8                ._ZNKSt9type_info10__do_catchEPKS_PPvj
 .text          0x000000000001d50c        0x0 /usr/local/ps3dev/ppu/lib/gcc/powerpc64-ps3-elf/7.2.0/../../../../powerpc64-ps3-elf/lib/libstdc++.a(vterminate.o)
 *fill*         0x000000000001d50c        0x4 60000000
 .text._ZN9__gnu_cxx27__verbose_terminate_handlerEv
                0x000000000001d510      0x248 /usr/local/ps3dev/ppu/lib/gcc/powerpc64-ps3-elf/7.2.0/../../../../powerpc64-ps3-elf/lib/libstdc++.a(vterminate.o)
                0x000000000001d510                ._ZN9__gnu_cxx27__verbose_terminate_handlerEv
 .text          0x000000000001d758        0x0 /usr/local/ps3dev/ppu/lib/gcc/powerpc64-ps3-elf/7.2.0/../../../../powerpc64-ps3-elf/lib/libstdc++.a(bad_alloc.o)
 .text._ZNKSt9bad_alloc4whatEv
                0x000000000001d758       0x14 /usr/local/ps3dev/ppu/lib/gcc/powerpc64-ps3-elf/7.2.0/../../../../powerpc64-ps3-elf/lib/libstdc++.a(bad_alloc.o)
                0x000000000001d758                ._ZNKSt9bad_alloc4whatEv
 *fill*         0x000000000001d76c        0x4 60000000
 .text._ZNSt9bad_allocD2Ev
                0x000000000001d770       0x38 /usr/local/ps3dev/ppu/lib/gcc/powerpc64-ps3-elf/7.2.0/../../../../powerpc64-ps3-elf/lib/libstdc++.a(bad_alloc.o)
                0x000000000001d770                ._ZNSt9bad_allocD1Ev
                0x000000000001d770                ._ZNSt9bad_allocD2Ev
 .text._ZNSt9bad_allocD0Ev
                0x000000000001d7a8       0x54 /usr/local/ps3dev/ppu/lib/gcc/powerpc64-ps3-elf/7.2.0/../../../../powerpc64-ps3-elf/lib/libstdc++.a(bad_alloc.o)
                0x000000000001d7a8                ._ZNSt9bad_allocD0Ev
 .text          0x000000000001d7fc        0x0 /usr/local/ps3dev/ppu/lib/gcc/powerpc64-ps3-elf/7.2.0/../../../../powerpc64-ps3-elf/lib/libstdc++.a(cp-demangle.o)
 *fill*         0x000000000001d7fc        0x4 60000000
 .text.d_make_comp
                0x000000000001d800      0x1e0 /usr/local/ps3dev/ppu/lib/gcc/powerpc64-ps3-elf/7.2.0/../../../../powerpc64-ps3-elf/lib/libstdc++.a(cp-demangle.o)
 .text.d_ref_qualifier
                0x000000000001d9e0       0x74 /usr/local/ps3dev/ppu/lib/gcc/powerpc64-ps3-elf/7.2.0/../../../../powerpc64-ps3-elf/lib/libstdc++.a(cp-demangle.o)
 *fill*         0x000000000001da54        0x4 60000000
 .text.d_count_templates_scopes
                0x000000000001da58      0x220 /usr/local/ps3dev/ppu/lib/gcc/powerpc64-ps3-elf/7.2.0/../../../../powerpc64-ps3-elf/lib/libstdc++.a(cp-demangle.o)
 .text.d_append_buffer
                0x000000000001dc78       0xf8 /usr/local/ps3dev/ppu/lib/gcc/powerpc64-ps3-elf/7.2.0/../../../../powerpc64-ps3-elf/lib/libstdc++.a(cp-demangle.o)
 .text.is_fnqual_component_type
                0x000000000001dd70       0x3c /usr/local/ps3dev/ppu/lib/gcc/powerpc64-ps3-elf/7.2.0/../../../../powerpc64-ps3-elf/lib/libstdc++.a(cp-demangle.o)
 *fill*         0x000000000001ddac        0x4 60000000
 .text.d_number.isra.1
                0x000000000001ddb0       0xb0 /usr/local/ps3dev/ppu/lib/gcc/powerpc64-ps3-elf/7.2.0/../../../../powerpc64-ps3-elf/lib/libstdc++.a(cp-demangle.o)
 .text.d_number_component
                0x000000000001de60       0x90 /usr/local/ps3dev/ppu/lib/gcc/powerpc64-ps3-elf/7.2.0/../../../../powerpc64-ps3-elf/lib/libstdc++.a(cp-demangle.o)
 .text.d_compact_number
                0x000000000001def0       0x94 /usr/local/ps3dev/ppu/lib/gcc/powerpc64-ps3-elf/7.2.0/../../../../powerpc64-ps3-elf/lib/libstdc++.a(cp-demangle.o)
 *fill*         0x000000000001df84        0x4 60000000
 .text.d_template_param
                0x000000000001df88       0xc4 /usr/local/ps3dev/ppu/lib/gcc/powerpc64-ps3-elf/7.2.0/../../../../powerpc64-ps3-elf/lib/libstdc++.a(cp-demangle.o)
 *fill*         0x000000000001e04c        0x4 60000000
 .text.d_source_name
                0x000000000001e050      0x1bc /usr/local/ps3dev/ppu/lib/gcc/powerpc64-ps3-elf/7.2.0/../../../../powerpc64-ps3-elf/lib/libstdc++.a(cp-demangle.o)
 *fill*         0x000000000001e20c        0x4 60000000
 .text.d_abi_tags
                0x000000000001e210       0xa0 /usr/local/ps3dev/ppu/lib/gcc/powerpc64-ps3-elf/7.2.0/../../../../powerpc64-ps3-elf/lib/libstdc++.a(cp-demangle.o)
 .text.d_substitution
                0x000000000001e2b0      0x33c /usr/local/ps3dev/ppu/lib/gcc/powerpc64-ps3-elf/7.2.0/../../../../powerpc64-ps3-elf/lib/libstdc++.a(cp-demangle.o)
 *fill*         0x000000000001e5ec        0x4 60000000
 .text.d_discriminator
                0x000000000001e5f0       0xcc /usr/local/ps3dev/ppu/lib/gcc/powerpc64-ps3-elf/7.2.0/../../../../powerpc64-ps3-elf/lib/libstdc++.a(cp-demangle.o)
 *fill*         0x000000000001e6bc        0x4 60000000
 .text.d_index_template_argument.part.9
                0x000000000001e6c0       0x7c /usr/local/ps3dev/ppu/lib/gcc/powerpc64-ps3-elf/7.2.0/../../../../powerpc64-ps3-elf/lib/libstdc++.a(cp-demangle.o)
 *fill*         0x000000000001e73c        0x4 60000000
 .text.d_lookup_template_argument.isra.10
                0x000000000001e740       0x4c /usr/local/ps3dev/ppu/lib/gcc/powerpc64-ps3-elf/7.2.0/../../../../powerpc64-ps3-elf/lib/libstdc++.a(cp-demangle.o)
 *fill*         0x000000000001e78c        0x4 60000000
 .text.d_find_pack
                0x000000000001e790      0x240 /usr/local/ps3dev/ppu/lib/gcc/powerpc64-ps3-elf/7.2.0/../../../../powerpc64-ps3-elf/lib/libstdc++.a(cp-demangle.o)
 .text.d_growable_string_callback_adapter
                0x000000000001e9d0      0x17c /usr/local/ps3dev/ppu/lib/gcc/powerpc64-ps3-elf/7.2.0/../../../../powerpc64-ps3-elf/lib/libstdc++.a(cp-demangle.o)
 *fill*         0x000000000001eb4c        0x4 60000000
 .text.d_call_offset
                0x000000000001eb50       0xfc /usr/local/ps3dev/ppu/lib/gcc/powerpc64-ps3-elf/7.2.0/../../../../powerpc64-ps3-elf/lib/libstdc++.a(cp-demangle.o)
 *fill*         0x000000000001ec4c        0x4 60000000
 .text.d_append_num
                0x000000000001ec50      0x110 /usr/local/ps3dev/ppu/lib/gcc/powerpc64-ps3-elf/7.2.0/../../../../powerpc64-ps3-elf/lib/libstdc++.a(cp-demangle.o)
 .text.d_exprlist
                0x000000000001ed60      0x950 /usr/local/ps3dev/ppu/lib/gcc/powerpc64-ps3-elf/7.2.0/../../../../powerpc64-ps3-elf/lib/libstdc++.a(cp-demangle.o)
 .text.d_expression_1
                0x000000000001f6b0      0x7ec /usr/local/ps3dev/ppu/lib/gcc/powerpc64-ps3-elf/7.2.0/../../../../powerpc64-ps3-elf/lib/libstdc++.a(cp-demangle.o)
 *fill*         0x000000000001fe9c        0x4 60000000
 .text.d_template_args_1
                0x000000000001fea0      0x1a0 /usr/local/ps3dev/ppu/lib/gcc/powerpc64-ps3-elf/7.2.0/../../../../powerpc64-ps3-elf/lib/libstdc++.a(cp-demangle.o)
 .text.d_template_args
                0x0000000000020040       0x3c /usr/local/ps3dev/ppu/lib/gcc/powerpc64-ps3-elf/7.2.0/../../../../powerpc64-ps3-elf/lib/libstdc++.a(cp-demangle.o)
 *fill*         0x000000000002007c        0x4 60000000
 .text.d_name   0x0000000000020080      0x66c /usr/local/ps3dev/ppu/lib/gcc/powerpc64-ps3-elf/7.2.0/../../../../powerpc64-ps3-elf/lib/libstdc++.a(cp-demangle.o)
 *fill*         0x00000000000206ec        0x4 60000000
 .text.d_type   0x00000000000206f0      0xf14 /usr/local/ps3dev/ppu/lib/gcc/powerpc64-ps3-elf/7.2.0/../../../../powerpc64-ps3-elf/lib/libstdc++.a(cp-demangle.o)
 *fill*         0x0000000000021604        0x4 60000000
 .text.d_operator_name
                0x0000000000021608      0x254 /usr/local/ps3dev/ppu/lib/gcc/powerpc64-ps3-elf/7.2.0/../../../../powerpc64-ps3-elf/lib/libstdc++.a(cp-demangle.o)
 *fill*         0x000000000002185c        0x4 60000000
 .text.d_parmlist
                0x0000000000021860      0x158 /usr/local/ps3dev/ppu/lib/gcc/powerpc64-ps3-elf/7.2.0/../../../../powerpc64-ps3-elf/lib/libstdc++.a(cp-demangle.o)
 .text.d_cv_qualifiers
                0x00000000000219b8      0x34c /usr/local/ps3dev/ppu/lib/gcc/powerpc64-ps3-elf/7.2.0/../../../../powerpc64-ps3-elf/lib/libstdc++.a(cp-demangle.o)
 *fill*         0x0000000000021d04        0x4 60000000
 .text.d_bare_function_type
                0x0000000000021d08       0xc0 /usr/local/ps3dev/ppu/lib/gcc/powerpc64-ps3-elf/7.2.0/../../../../powerpc64-ps3-elf/lib/libstdc++.a(cp-demangle.o)
 .text.d_function_type
                0x0000000000021dc8       0xac /usr/local/ps3dev/ppu/lib/gcc/powerpc64-ps3-elf/7.2.0/../../../../powerpc64-ps3-elf/lib/libstdc++.a(cp-demangle.o)
 *fill*         0x0000000000021e74        0x4 60000000
 .text.d_unqualified_name
                0x0000000000021e78      0x6b8 /usr/local/ps3dev/ppu/lib/gcc/powerpc64-ps3-elf/7.2.0/../../../../powerpc64-ps3-elf/lib/libstdc++.a(cp-demangle.o)
 .text.d_encoding
                0x0000000000022530      0x9fc /usr/local/ps3dev/ppu/lib/gcc/powerpc64-ps3-elf/7.2.0/../../../../powerpc64-ps3-elf/lib/libstdc++.a(cp-demangle.o)
 *fill*         0x0000000000022f2c        0x4 60000000
 .text.d_expr_primary
                0x0000000000022f30      0x20c /usr/local/ps3dev/ppu/lib/gcc/powerpc64-ps3-elf/7.2.0/../../../../powerpc64-ps3-elf/lib/libstdc++.a(cp-demangle.o)
 *fill*         0x000000000002313c        0x4 60000000
 .text.d_print_comp_inner
                0x0000000000023140     0x561c /usr/local/ps3dev/ppu/lib/gcc/powerpc64-ps3-elf/7.2.0/../../../../powerpc64-ps3-elf/lib/libstdc++.a(cp-demangle.o)
 *fill*         0x000000000002875c        0x4 60000000
 .text.d_print_comp
                0x0000000000028760       0xa0 /usr/local/ps3dev/ppu/lib/gcc/powerpc64-ps3-elf/7.2.0/../../../../powerpc64-ps3-elf/lib/libstdc++.a(cp-demangle.o)
 .text.d_print_mod
                0x0000000000028800      0xcc8 /usr/local/ps3dev/ppu/lib/gcc/powerpc64-ps3-elf/7.2.0/../../../../powerpc64-ps3-elf/lib/libstdc++.a(cp-demangle.o)
 .text.d_print_function_type.isra.15
                0x00000000000294c8      0x3f4 /usr/local/ps3dev/ppu/lib/gcc/powerpc64-ps3-elf/7.2.0/../../../../powerpc64-ps3-elf/lib/libstdc++.a(cp-demangle.o)
 *fill*         0x00000000000298bc        0x4 60000000
 .text.d_print_mod_list
                0x00000000000298c0      0x484 /usr/local/ps3dev/ppu/lib/gcc/powerpc64-ps3-elf/7.2.0/../../../../powerpc64-ps3-elf/lib/libstdc++.a(cp-demangle.o)
 *fill*         0x0000000000029d44        0x4 60000000
 .text.d_print_array_type.isra.14
                0x0000000000029d48      0x3c0 /usr/local/ps3dev/ppu/lib/gcc/powerpc64-ps3-elf/7.2.0/../../../../powerpc64-ps3-elf/lib/libstdc++.a(cp-demangle.o)
 .text.d_print_expr_op
                0x000000000002a108      0x118 /usr/local/ps3dev/ppu/lib/gcc/powerpc64-ps3-elf/7.2.0/../../../../powerpc64-ps3-elf/lib/libstdc++.a(cp-demangle.o)
 .text.d_print_subexpr
                0x000000000002a220      0x16c /usr/local/ps3dev/ppu/lib/gcc/powerpc64-ps3-elf/7.2.0/../../../../powerpc64-ps3-elf/lib/libstdc++.a(cp-demangle.o)
 *fill*         0x000000000002a38c        0x4 60000000
 .text.d_maybe_print_fold_expression.isra.20
                0x000000000002a390      0x464 /usr/local/ps3dev/ppu/lib/gcc/powerpc64-ps3-elf/7.2.0/../../../../powerpc64-ps3-elf/lib/libstdc++.a(cp-demangle.o)
 *fill*         0x000000000002a7f4        0x4 60000000
 .text.d_demangle_callback.constprop.22
                0x000000000002a7f8      0x5c4 /usr/local/ps3dev/ppu/lib/gcc/powerpc64-ps3-elf/7.2.0/../../../../powerpc64-ps3-elf/lib/libstdc++.a(cp-demangle.o)
 *fill*         0x000000000002adbc        0x4 60000000
 .text.__cxa_demangle
                0x000000000002adc0      0x210 /usr/local/ps3dev/ppu/lib/gcc/powerpc64-ps3-elf/7.2.0/../../../../powerpc64-ps3-elf/lib/libstdc++.a(cp-demangle.o)
                0x000000000002adc0                .__cxa_demangle
 .text.__gcclibcxx_demangle_callback
                0x000000000002afd0       0x5c /usr/local/ps3dev/ppu/lib/gcc/powerpc64-ps3-elf/7.2.0/../../../../powerpc64-ps3-elf/lib/libstdc++.a(cp-demangle.o)
                0x000000000002afd0                .__gcclibcxx_demangle_callback
 .text          0x000000000002b02c        0x0 /usr/local/ps3dev/ppu/lib/gcc/powerpc64-ps3-elf/7.2.0/../../../../powerpc64-ps3-elf/lib/libstdc++.a(eh_alloc.o)
 *fill*         0x000000000002b02c        0x4 60000000
 .text._ZN12_GLOBAL__N_14pool4freeEPv.constprop.4
                0x000000000002b030      0x11c /usr/local/ps3dev/ppu/lib/gcc/powerpc64-ps3-elf/7.2.0/../../../../powerpc64-ps3-elf/lib/libstdc++.a(eh_alloc.o)
 *fill*         0x000000000002b14c        0x4 60000000
 .text._ZN12_GLOBAL__N_14pool8allocateEm.constprop.5
                0x000000000002b150       0xc0 /usr/local/ps3dev/ppu/lib/gcc/powerpc64-ps3-elf/7.2.0/../../../../powerpc64-ps3-elf/lib/libstdc++.a(eh_alloc.o)
 .text._ZN9__gnu_cxx9__freeresEv
                0x000000000002b210       0x50 /usr/local/ps3dev/ppu/lib/gcc/powerpc64-ps3-elf/7.2.0/../../../../powerpc64-ps3-elf/lib/libstdc++.a(eh_alloc.o)
                0x000000000002b210                ._ZN9__gnu_cxx9__freeresEv
 .text.__cxa_allocate_exception
                0x000000000002b260       0x80 /usr/local/ps3dev/ppu/lib/gcc/powerpc64-ps3-elf/7.2.0/../../../../powerpc64-ps3-elf/lib/libstdc++.a(eh_alloc.o)
                0x000000000002b260                .__cxa_allocate_exception
 .text.__cxa_free_exception
                0x000000000002b2e0       0x5c /usr/local/ps3dev/ppu/lib/gcc/powerpc64-ps3-elf/7.2.0/../../../../powerpc64-ps3-elf/lib/libstdc++.a(eh_alloc.o)
                0x000000000002b2e0                .__cxa_free_exception
 *fill*         0x000000000002b33c        0x4 60000000
 .text.__cxa_allocate_dependent_exception
                0x000000000002b340       0x70 /usr/local/ps3dev/ppu/lib/gcc/powerpc64-ps3-elf/7.2.0/../../../../powerpc64-ps3-elf/lib/libstdc++.a(eh_alloc.o)
                0x000000000002b340                .__cxa_allocate_dependent_exception
 .text.__cxa_free_dependent_exception
                0x000000000002b3b0       0x64 /usr/local/ps3dev/ppu/lib/gcc/powerpc64-ps3-elf/7.2.0/../../../../powerpc64-ps3-elf/lib/libstdc++.a(eh_alloc.o)
                0x000000000002b3b0                .__cxa_free_dependent_exception
 *fill*         0x000000000002b414        0x4 60000000
 .text.startup._GLOBAL__sub_I__ZN9__gnu_cxx9__freeresEv
                0x000000000002b418       0x78 /usr/local/ps3dev/ppu/lib/gcc/powerpc64-ps3-elf/7.2.0/../../../../powerpc64-ps3-elf/lib/libstdc++.a(eh_alloc.o)
 .text          0x000000000002b490        0x0 /usr/local/ps3dev/ppu/lib/gcc/powerpc64-ps3-elf/7.2.0/../../../../powerpc64-ps3-elf/lib/libstdc++.a(eh_call.o)
 .text.__cxa_call_terminate
                0x000000000002b490       0x68 /usr/local/ps3dev/ppu/lib/gcc/powerpc64-ps3-elf/7.2.0/../../../../powerpc64-ps3-elf/lib/libstdc++.a(eh_call.o)
                0x000000000002b490                .__cxa_call_terminate
 .text          0x000000000002b4f8        0x0 /usr/local/ps3dev/ppu/lib/gcc/powerpc64-ps3-elf/7.2.0/../../../../powerpc64-ps3-elf/lib/libstdc++.a(eh_catch.o)
 .text.__cxa_get_exception_ptr
                0x000000000002b4f8       0x14 /usr/local/ps3dev/ppu/lib/gcc/powerpc64-ps3-elf/7.2.0/../../../../powerpc64-ps3-elf/lib/libstdc++.a(eh_catch.o)
                0x000000000002b4f8                .__cxa_get_exception_ptr
 *fill*         0x000000000002b50c        0x4 60000000
 .text.__cxa_begin_catch
                0x000000000002b510       0xd8 /usr/local/ps3dev/ppu/lib/gcc/powerpc64-ps3-elf/7.2.0/../../../../powerpc64-ps3-elf/lib/libstdc++.a(eh_catch.o)
                0x000000000002b510                .__cxa_begin_catch
 .text.__cxa_end_catch
                0x000000000002b5e8       0xf4 /usr/local/ps3dev/ppu/lib/gcc/powerpc64-ps3-elf/7.2.0/../../../../powerpc64-ps3-elf/lib/libstdc++.a(eh_catch.o)
                0x000000000002b5e8                .__cxa_end_catch
 *fill*         0x000000000002b6dc        0x4 60000000
 .text._ZSt18uncaught_exceptionv
                0x000000000002b6e0       0x40 /usr/local/ps3dev/ppu/lib/gcc/powerpc64-ps3-elf/7.2.0/../../../../powerpc64-ps3-elf/lib/libstdc++.a(eh_catch.o)
                0x000000000002b6e0                ._ZSt18uncaught_exceptionv
 .text._ZSt19uncaught_exceptionsv
                0x000000000002b720       0x38 /usr/local/ps3dev/ppu/lib/gcc/powerpc64-ps3-elf/7.2.0/../../../../powerpc64-ps3-elf/lib/libstdc++.a(eh_catch.o)
                0x000000000002b720                ._ZSt19uncaught_exceptionsv
 .text          0x000000000002b758        0x0 /usr/local/ps3dev/ppu/lib/gcc/powerpc64-ps3-elf/7.2.0/../../../../powerpc64-ps3-elf/lib/libstdc++.a(eh_exception.o)
 .text._ZNSt9exceptionD2Ev
                0x000000000002b758       0x10 /usr/local/ps3dev/ppu/lib/gcc/powerpc64-ps3-elf/7.2.0/../../../../powerpc64-ps3-elf/lib/libstdc++.a(eh_exception.o)
                0x000000000002b758                ._ZNSt9exceptionD2Ev
                0x000000000002b758                ._ZNSt9exceptionD1Ev
 .text._ZNSt13bad_exceptionD2Ev
                0x000000000002b768       0x10 /usr/local/ps3dev/ppu/lib/gcc/powerpc64-ps3-elf/7.2.0/../../../../powerpc64-ps3-elf/lib/libstdc++.a(eh_exception.o)
                0x000000000002b768                ._ZNSt13bad_exceptionD1Ev
                0x000000000002b768                ._ZNSt13bad_exceptionD2Ev
 .text._ZNKSt9exception4whatEv
                0x000000000002b778       0x14 /usr/local/ps3dev/ppu/lib/gcc/powerpc64-ps3-elf/7.2.0/../../../../powerpc64-ps3-elf/lib/libstdc++.a(eh_exception.o)
                0x000000000002b778                ._ZGTtNKSt9exception4whatEv
                0x000000000002b778                ._ZNKSt9exception4whatEv
 *fill*         0x000000000002b78c        0x4 60000000
 .text._ZNKSt13bad_exception4whatEv
                0x000000000002b790       0x14 /usr/local/ps3dev/ppu/lib/gcc/powerpc64-ps3-elf/7.2.0/../../../../powerpc64-ps3-elf/lib/libstdc++.a(eh_exception.o)
                0x000000000002b790                ._ZNKSt13bad_exception4whatEv
                0x000000000002b790                ._ZGTtNKSt13bad_exception4whatEv
 *fill*         0x000000000002b7a4        0x4 60000000
 .text._ZNSt9exceptionD0Ev
                0x000000000002b7a8       0x34 /usr/local/ps3dev/ppu/lib/gcc/powerpc64-ps3-elf/7.2.0/../../../../powerpc64-ps3-elf/lib/libstdc++.a(eh_exception.o)
                0x000000000002b7a8                ._ZNSt9exceptionD0Ev
 *fill*         0x000000000002b7dc        0x4 60000000
 .text._ZNSt13bad_exceptionD0Ev
                0x000000000002b7e0       0x34 /usr/local/ps3dev/ppu/lib/gcc/powerpc64-ps3-elf/7.2.0/../../../../powerpc64-ps3-elf/lib/libstdc++.a(eh_exception.o)
                0x000000000002b7e0                ._ZNSt13bad_exceptionD0Ev
 *fill*         0x000000000002b814        0x4 60000000
 .text._ZN10__cxxabiv115__forced_unwindD2Ev
                0x000000000002b818       0x10 /usr/local/ps3dev/ppu/lib/gcc/powerpc64-ps3-elf/7.2.0/../../../../powerpc64-ps3-elf/lib/libstdc++.a(eh_exception.o)
                0x000000000002b818                ._ZN10__cxxabiv115__forced_unwindD1Ev
                0x000000000002b818                ._ZN10__cxxabiv115__forced_unwindD2Ev
 .text._ZN10__cxxabiv115__forced_unwindD0Ev
                0x000000000002b828       0x34 /usr/local/ps3dev/ppu/lib/gcc/powerpc64-ps3-elf/7.2.0/../../../../powerpc64-ps3-elf/lib/libstdc++.a(eh_exception.o)
                0x000000000002b828                ._ZN10__cxxabiv115__forced_unwindD0Ev
 *fill*         0x000000000002b85c        0x4 60000000
 .text._ZN10__cxxabiv119__foreign_exceptionD2Ev
                0x000000000002b860       0x10 /usr/local/ps3dev/ppu/lib/gcc/powerpc64-ps3-elf/7.2.0/../../../../powerpc64-ps3-elf/lib/libstdc++.a(eh_exception.o)
                0x000000000002b860                ._ZN10__cxxabiv119__foreign_exceptionD2Ev
                0x000000000002b860                ._ZN10__cxxabiv119__foreign_exceptionD1Ev
 .text._ZN10__cxxabiv119__foreign_exceptionD0Ev
                0x000000000002b870       0x34 /usr/local/ps3dev/ppu/lib/gcc/powerpc64-ps3-elf/7.2.0/../../../../powerpc64-ps3-elf/lib/libstdc++.a(eh_exception.o)
                0x000000000002b870                ._ZN10__cxxabiv119__foreign_exceptionD0Ev
 *fill*         0x000000000002b8a4        0x4 60000000
 .text._ZGTtNKSt9exceptionD1Ev
                0x000000000002b8a8       0x10 /usr/local/ps3dev/ppu/lib/gcc/powerpc64-ps3-elf/7.2.0/../../../../powerpc64-ps3-elf/lib/libstdc++.a(eh_exception.o)
                0x000000000002b8a8                ._ZGTtNKSt9exceptionD1Ev
 .text._ZGTtNKSt13bad_exceptionD1Ev
                0x000000000002b8b8       0x10 /usr/local/ps3dev/ppu/lib/gcc/powerpc64-ps3-elf/7.2.0/../../../../powerpc64-ps3-elf/lib/libstdc++.a(eh_exception.o)
                0x000000000002b8b8                ._ZGTtNKSt13bad_exceptionD1Ev
 .text          0x000000000002b8c8        0x0 /usr/local/ps3dev/ppu/lib/gcc/powerpc64-ps3-elf/7.2.0/../../../../powerpc64-ps3-elf/lib/libstdc++.a(eh_globals.o)
 .text.__cxa_get_globals_fast
                0x000000000002b8c8       0x14 /usr/local/ps3dev/ppu/lib/gcc/powerpc64-ps3-elf/7.2.0/../../../../powerpc64-ps3-elf/lib/libstdc++.a(eh_globals.o)
                0x000000000002b8c8                .__cxa_get_globals_fast